2026-05-19T20:46:16+00:00  event=start  n_specs=1  pairs=1  months=1  rate_s=1.0  dry_run=False
2026-05-19T20:47:04+00:00  event=ok  pair=EURUSD  ym=201501  size=9299925  rows=1691494  sha=01bda26f5a7a54ee
2026-05-19T20:47:05+00:00  event=pair_done  pair=EURUSD  done=1  total=1  elapsed_s=49  eta_s=0
2026-05-19T20:47:05+00:00  event=finish  done=1  total=1  elapsed_s=49  counts={'OK': 1}
2026-05-19T20:47:20+00:00  event=start  n_specs=1  pairs=1  months=1  rate_s=1.0  dry_run=False
2026-05-19T20:47:20+00:00  event=progress  done=1  total=1  last=EURUSD/201501 CACHED
2026-05-19T20:47:20+00:00  event=pair_done  pair=EURUSD  done=1  total=1  elapsed_s=0  eta_s=0
2026-05-19T20:47:20+00:00  event=finish  done=1  total=1  elapsed_s=0  counts={'CACHED': 1}
2026-05-19T20:58:37+00:00  event=start  n_specs=5488  pairs=28  months=196  rate_s=2.0  dry_run=False
2026-05-19T20:58:46+00:00  event=ok  pair=AUDCAD  ym=201001  size=2095335  rows=548601  sha=b653690f50cce0f3
2026-05-19T20:58:56+00:00  event=ok  pair=AUDCAD  ym=201002  size=2181848  rows=581605  sha=28ea02b7c16bb779
2026-05-19T20:59:07+00:00  event=ok  pair=AUDCAD  ym=201003  size=2212680  rows=611539  sha=5cd23c27d1a18e33
2026-05-19T20:59:16+00:00  event=ok  pair=AUDCAD  ym=201004  size=1976482  rows=560462  sha=2b100cb05845e231
2026-05-19T20:59:30+00:00  event=ok  pair=AUDCAD  ym=201005  size=3201646  rows=876625  sha=647e9c8b5f30ba8e
2026-05-19T20:59:41+00:00  event=ok  pair=AUDCAD  ym=201006  size=2940551  rows=810613  sha=4b60fd3f5e4f1dc7
2026-05-19T20:59:52+00:00  event=ok  pair=AUDCAD  ym=201007  size=2346836  rows=636228  sha=680047bb29918dd4
2026-05-19T21:00:02+00:00  event=ok  pair=AUDCAD  ym=201008  size=2218498  rows=601128  sha=abc949def5da9f2b
2026-05-19T21:00:12+00:00  event=ok  pair=AUDCAD  ym=201009  size=2226576  rows=604740  sha=c2d231ad217cad1e
2026-05-19T21:00:22+00:00  event=ok  pair=AUDCAD  ym=201010  size=1991693  rows=545857  sha=ee4e5ebac6df2870
2026-05-19T21:00:32+00:00  event=ok  pair=AUDCAD  ym=201011  size=2249381  rows=621581  sha=3139eee6030f254a
2026-05-19T21:00:40+00:00  event=ok  pair=AUDCAD  ym=201012  size=1632597  rows=438081  sha=bb2ba1cb107a8b12
2026-05-19T21:00:49+00:00  event=ok  pair=AUDCAD  ym=201101  size=1913614  rows=523575  sha=fc36c7753c57b2a0
2026-05-19T21:00:57+00:00  event=ok  pair=AUDCAD  ym=201102  size=1733660  rows=480484  sha=f37c6366c96b9cda
2026-05-19T21:01:06+00:00  event=ok  pair=AUDCAD  ym=201103  size=1958229  rows=529713  sha=bb023ea3dab7a530
2026-05-19T21:01:14+00:00  event=ok  pair=AUDCAD  ym=201104  size=1744078  rows=424621  sha=1bb576211e27b898
2026-05-19T21:01:24+00:00  event=ok  pair=AUDCAD  ym=201105  size=2911045  rows=556814  sha=f5839c073a6a1cc8
2026-05-19T21:01:34+00:00  event=ok  pair=AUDCAD  ym=201106  size=3138663  rows=617954  sha=fe7facb8e0e26b6e
2026-05-19T21:01:50+00:00  event=ok  pair=AUDCAD  ym=201107  size=3004641  rows=584989  sha=e89a4b908fdd8889
2026-05-19T21:02:04+00:00  event=ok  pair=AUDCAD  ym=201108  size=4083414  rows=803480  sha=bc54ae5402c579dd
2026-05-19T21:02:15+00:00  event=ok  pair=AUDCAD  ym=201109  size=3885960  rows=751115  sha=d62c8f37be5326f8
2026-05-19T21:02:27+00:00  event=ok  pair=AUDCAD  ym=201110  size=3830516  rows=744786  sha=8464b3217b379221
2026-05-19T21:02:39+00:00  event=ok  pair=AUDCAD  ym=201111  size=3942785  rows=768064  sha=877a938da0765d4a
2026-05-19T21:02:57+00:00  event=ok  pair=AUDCAD  ym=201112  size=6566477  rows=1173667  sha=629139121e839a28
2026-05-19T21:03:16+00:00  event=ok  pair=AUDCAD  ym=201201  size=6890032  rows=1240715  sha=ec2ff00bd9485986
2026-05-19T21:03:40+00:00  event=ok  pair=AUDCAD  ym=201202  size=8880388  rows=1665367  sha=1a2b5c2892fd491e
2026-05-19T21:04:28+00:00  event=ok  pair=AUDCAD  ym=201203  size=8274104  rows=1537407  sha=ec59400ac194ae09
2026-05-19T21:04:50+00:00  event=ok  pair=AUDCAD  ym=201204  size=7269507  rows=1359630  sha=c34d23d338c88a54
2026-05-19T21:05:12+00:00  event=ok  pair=AUDCAD  ym=201205  size=8820043  rows=1648963  sha=b643e46b5c0ceb53
2026-05-19T21:05:35+00:00  event=ok  pair=AUDCAD  ym=201206  size=8732189  rows=1654488  sha=d40ea1f6e72b82e5
2026-05-19T21:05:56+00:00  event=ok  pair=AUDCAD  ym=201207  size=8063661  rows=1530231  sha=3ff652485fbe5b56
2026-05-19T21:06:10+00:00  event=ok  pair=AUDCAD  ym=201208  size=5224238  rows=951477  sha=916bba99cc1835e1
2026-05-19T21:06:23+00:00  event=ok  pair=AUDCAD  ym=201209  size=4539644  rows=799949  sha=2149f5a7ceeee512
2026-05-19T21:06:39+00:00  event=ok  pair=AUDCAD  ym=201210  size=4615944  rows=814822  sha=41382303fc83a2bc
2026-05-19T21:06:51+00:00  event=ok  pair=AUDCAD  ym=201211  size=3946450  rows=696236  sha=89a9f9d55956e1ae
2026-05-19T21:07:00+00:00  event=ok  pair=AUDCAD  ym=201212  size=2989302  rows=520682  sha=92a88c509ba4c48e
2026-05-19T21:07:12+00:00  event=ok  pair=AUDCAD  ym=201301  size=4020103  rows=701072  sha=2aac40ebd695b301
2026-05-19T21:07:22+00:00  event=ok  pair=AUDCAD  ym=201302  size=3460758  rows=588180  sha=df6d1dc2dc3ca4b2
2026-05-19T21:07:33+00:00  event=ok  pair=AUDCAD  ym=201303  size=3417003  rows=587085  sha=5eb314e4acc30ae9
2026-05-19T21:07:45+00:00  event=ok  pair=AUDCAD  ym=201304  size=3954255  rows=679488  sha=6d42e0fc9b84eef6
2026-05-19T21:07:59+00:00  event=ok  pair=AUDCAD  ym=201305  size=5027642  rows=852955  sha=c55a7d565aff4329
2026-05-19T21:08:17+00:00  event=ok  pair=AUDCAD  ym=201306  size=6747219  rows=1143600  sha=f6cd3e95bb5b70c9
2026-05-19T21:08:36+00:00  event=ok  pair=AUDCAD  ym=201307  size=7217114  rows=1235580  sha=775d9e31f9e2c4ec
2026-05-19T21:08:50+00:00  event=ok  pair=AUDCAD  ym=201308  size=5348423  rows=906609  sha=be4cb3f561c04b0b
2026-05-19T21:09:01+00:00  event=ok  pair=AUDCAD  ym=201309  size=4259353  rows=721817  sha=1bc15907dd3e8299
2026-05-19T21:09:11+00:00  event=ok  pair=AUDCAD  ym=201310  size=3879374  rows=649405  sha=0745a6b31f82e19c
2026-05-19T21:09:22+00:00  event=ok  pair=AUDCAD  ym=201311  size=3589703  rows=597219  sha=684e1cc186d34074
2026-05-19T21:09:31+00:00  event=ok  pair=AUDCAD  ym=201312  size=3670953  rows=614866  sha=66e74ff0cfe40e60
2026-05-19T21:09:44+00:00  event=ok  pair=AUDCAD  ym=201401  size=5143894  rows=871434  sha=f93fa883850ac5ea
2026-05-19T21:09:55+00:00  event=ok  pair=AUDCAD  ym=201402  size=4443965  rows=748680  sha=74d4516a9868f690
2026-05-19T21:10:07+00:00  event=ok  pair=AUDCAD  ym=201403  size=4498542  rows=767583  sha=3e3006df61fa4ed2
2026-05-19T21:10:17+00:00  event=ok  pair=AUDCAD  ym=201404  size=3835838  rows=659259  sha=67d175db33c8a929
2026-05-19T21:10:28+00:00  event=ok  pair=AUDCAD  ym=201405  size=3513733  rows=607517  sha=613749a6d293431f
2026-05-19T21:10:37+00:00  event=ok  pair=AUDCAD  ym=201406  size=3039079  rows=524732  sha=2c5d4bfe4c3a67e1
2026-05-19T21:10:47+00:00  event=ok  pair=AUDCAD  ym=201407  size=3519168  rows=628700  sha=5c72efb0ec878751
2026-05-19T21:10:58+00:00  event=ok  pair=AUDCAD  ym=201408  size=3449701  rows=702122  sha=ea06bdcb43893a81
2026-05-19T21:11:14+00:00  event=ok  pair=AUDCAD  ym=201409  size=5318641  rows=1087712  sha=6816f0327136c8c6
2026-05-19T21:11:31+00:00  event=ok  pair=AUDCAD  ym=201410  size=7225075  rows=1260802  sha=f72c0b62739dd4ee
2026-05-19T21:11:50+00:00  event=ok  pair=AUDCAD  ym=201411  size=7611897  rows=1387273  sha=f9716b2c47c45f4a
2026-05-19T21:12:17+00:00  event=ok  pair=AUDCAD  ym=201412  size=6954736  rows=1265611  sha=ef614380e60fa065
2026-05-19T21:12:39+00:00  event=ok  pair=AUDCAD  ym=201501  size=8399212  rows=1501974  sha=3c6ee863715bd07b
2026-05-19T21:13:13+00:00  event=ok  pair=AUDCAD  ym=201502  size=7687204  rows=1384895  sha=3c58c75e505fb808
2026-05-19T21:13:33+00:00  event=ok  pair=AUDCAD  ym=201503  size=8618647  rows=1567711  sha=2e7b495cf319cd2b
2026-05-19T21:13:54+00:00  event=ok  pair=AUDCAD  ym=201504  size=8308176  rows=1528524  sha=f6dc3e86de381e8c
2026-05-19T21:14:12+00:00  event=ok  pair=AUDCAD  ym=201505  size=7394123  rows=1371505  sha=e6f3595f95982e64
2026-05-19T21:14:35+00:00  event=ok  pair=AUDCAD  ym=201506  size=7393821  rows=1359153  sha=afd62fad1912a00b
2026-05-19T21:14:55+00:00  event=ok  pair=AUDCAD  ym=201507  size=7512733  rows=1400748  sha=ea3de07d1c1726a1
2026-05-19T21:15:33+00:00  event=ok  pair=AUDCAD  ym=201508  size=7806900  rows=1450757  sha=a60675246f82d8e8
2026-05-19T21:15:47+00:00  event=ok  pair=AUDCAD  ym=201509  size=5887571  rows=1022048  sha=7ee9d97705e8498a
2026-05-19T21:16:00+00:00  event=ok  pair=AUDCAD  ym=201510  size=5227252  rows=908125  sha=6c77ccb26d4f3279
2026-05-19T21:16:15+00:00  event=ok  pair=AUDCAD  ym=201511  size=5503193  rows=1018918  sha=d2d2126e5c86b9d2
2026-05-19T21:16:31+00:00  event=ok  pair=AUDCAD  ym=201512  size=6541362  rows=1218313  sha=76a915f93fb2e741
2026-05-19T21:16:51+00:00  event=ok  pair=AUDCAD  ym=201601  size=9363842  rows=1719458  sha=cca5b351fada40a0
2026-05-19T21:17:11+00:00  event=ok  pair=AUDCAD  ym=201602  size=8024372  rows=1463896  sha=25aefcead2245c11
2026-05-19T21:17:30+00:00  event=ok  pair=AUDCAD  ym=201603  size=7310292  rows=1324979  sha=ca34dcbf9f8094e6
2026-05-19T21:17:52+00:00  event=ok  pair=AUDCAD  ym=201604  size=6108487  rows=1084935  sha=0366078c31d66a66
2026-05-19T21:18:04+00:00  event=ok  pair=AUDCAD  ym=201605  size=4954065  rows=867977  sha=c08fe8ca43a480d9
2026-05-19T21:18:17+00:00  event=ok  pair=AUDCAD  ym=201606  size=5436108  rows=941090  sha=2234f5df2deb266a
2026-05-19T21:18:32+00:00  event=ok  pair=AUDCAD  ym=201607  size=5741322  rows=1032222  sha=d5cd8f53e70186a8
2026-05-19T21:18:43+00:00  event=ok  pair=AUDCAD  ym=201608  size=4442889  rows=790241  sha=7fe5607bacac94c9
2026-05-19T21:18:56+00:00  event=ok  pair=AUDCAD  ym=201609  size=4971771  rows=887304  sha=82e21c4678c1d370
2026-05-19T21:19:09+00:00  event=ok  pair=AUDCAD  ym=201610  size=4975221  rows=891955  sha=60f22ef2ba79ebf9
2026-05-19T21:19:29+00:00  event=ok  pair=AUDCAD  ym=201611  size=8128636  rows=1472607  sha=db170712ae18679c
2026-05-19T21:19:45+00:00  event=ok  pair=AUDCAD  ym=201612  size=5702977  rows=1049377  sha=bd3d5b68c40aeb28
2026-05-19T21:20:05+00:00  event=ok  pair=AUDCAD  ym=201701  size=7538129  rows=1407023  sha=77113715c8c5fd23
2026-05-19T21:20:20+00:00  event=ok  pair=AUDCAD  ym=201702  size=5158564  rows=948657  sha=936c18b8c75e79f2
2026-05-19T21:20:37+00:00  event=ok  pair=AUDCAD  ym=201703  size=6611336  rows=1239932  sha=5957f6d924abf183
2026-05-19T21:20:48+00:00  event=ok  pair=AUDCAD  ym=201704  size=4179964  rows=753867  sha=b9ce3bf60a4f123a
2026-05-19T21:21:00+00:00  event=ok  pair=AUDCAD  ym=201705  size=4421757  rows=786613  sha=6cabebb31b55c349
2026-05-19T21:21:11+00:00  event=ok  pair=AUDCAD  ym=201706  size=3920476  rows=695612  sha=0d95b54d1ced7ee9
2026-05-19T21:21:24+00:00  event=ok  pair=AUDCAD  ym=201707  size=5144235  rows=928976  sha=e15ad60ecef36bdb
2026-05-19T21:21:36+00:00  event=ok  pair=AUDCAD  ym=201708  size=4150513  rows=723091  sha=9acfbe47a0274c77
2026-05-19T21:21:48+00:00  event=ok  pair=AUDCAD  ym=201709  size=5063384  rows=912355  sha=96e65241a3bb407b
2026-05-19T21:22:01+00:00  event=ok  pair=AUDCAD  ym=201710  size=4910231  rows=908128  sha=a5655d4155f6cff3
2026-05-19T21:22:13+00:00  event=ok  pair=AUDCAD  ym=201711  size=4249454  rows=791400  sha=a311cb4bba431019
2026-05-19T21:22:23+00:00  event=ok  pair=AUDCAD  ym=201712  size=3585525  rows=653739  sha=aec94fafd9e3bad5
2026-05-19T21:22:37+00:00  event=ok  pair=AUDCAD  ym=201801  size=5704341  rows=1054677  sha=add7853dd9799155
2026-05-19T21:22:54+00:00  event=ok  pair=AUDCAD  ym=201802  size=6791509  rows=1284326  sha=dd42fe935fb2e853
2026-05-19T21:23:10+00:00  event=ok  pair=AUDCAD  ym=201803  size=6622490  rows=1252322  sha=124ecefd9d4bc0bc
2026-05-19T21:23:24+00:00  event=ok  pair=AUDCAD  ym=201804  size=5318623  rows=1014587  sha=224cb6925388d5f3
2026-05-19T21:23:41+00:00  event=ok  pair=AUDCAD  ym=201805  size=7479623  rows=1401052  sha=2540550852def7fd
2026-05-19T21:23:56+00:00  event=ok  pair=AUDCAD  ym=201806  size=6079096  rows=1153523  sha=228e387a158b73cb
2026-05-19T21:24:10+00:00  event=ok  pair=AUDCAD  ym=201807  size=5639939  rows=1062061  sha=85d6fe118ad6a37d
2026-05-19T21:24:25+00:00  event=ok  pair=AUDCAD  ym=201808  size=5893525  rows=1104424  sha=97e6f4d9e8b40d8c
2026-05-19T21:24:39+00:00  event=ok  pair=AUDCAD  ym=201809  size=5350277  rows=987674  sha=edaf4f4b3cf6bfbc
2026-05-19T21:25:00+00:00  event=ok  pair=AUDCAD  ym=201810  size=8594532  rows=1704468  sha=b4b91f5549de86a9
2026-05-19T21:25:18+00:00  event=ok  pair=AUDCAD  ym=201811  size=7461571  rows=1413499  sha=10d99d59a5725682
2026-05-19T21:25:48+00:00  event=ok  pair=AUDCAD  ym=201812  size=11613853  rows=1995562  sha=856372472fef6e20
2026-05-19T21:26:24+00:00  event=ok  pair=AUDCAD  ym=201901  size=17492569  rows=2905287  sha=3597bf91c6ac7973
2026-05-19T21:26:58+00:00  event=ok  pair=AUDCAD  ym=201902  size=14027597  rows=2341256  sha=ed8d4fbc7c64e203
2026-05-19T21:27:27+00:00  event=ok  pair=AUDCAD  ym=201903  size=13931222  rows=2321999  sha=5f0b1063971fccbe
2026-05-19T21:27:58+00:00  event=ok  pair=AUDCAD  ym=201904  size=11818393  rows=1956386  sha=23934f8707c8d0f4
2026-05-19T21:28:29+00:00  event=ok  pair=AUDCAD  ym=201905  size=12811343  rows=2134402  sha=4d07cd294100f9e1
2026-05-19T21:29:00+00:00  event=ok  pair=AUDCAD  ym=201906  size=12338453  rows=2084838  sha=1c161b1bad4a5e0c
2026-05-19T21:29:33+00:00  event=ok  pair=AUDCAD  ym=201907  size=11164366  rows=1891190  sha=ff41fd8279ebe64a
2026-05-19T21:30:31+00:00  event=ok  pair=AUDCAD  ym=201908  size=14732886  rows=2497642  sha=abe35a235e6d584f
2026-05-19T21:31:00+00:00  event=ok  pair=AUDCAD  ym=201909  size=9121846  rows=1515069  sha=b7ba6635f325cec8
2026-05-19T21:31:45+00:00  event=ok  pair=AUDCAD  ym=201910  size=12177636  rows=2054578  sha=416a00bbf7e05854
2026-05-19T21:32:12+00:00  event=ok  pair=AUDCAD  ym=201911  size=8545537  rows=1434975  sha=c79d4ff1a1e45293
2026-05-19T21:32:36+00:00  event=ok  pair=AUDCAD  ym=201912  size=8392991  rows=1404869  sha=cf003f8559abcb58
2026-05-19T21:33:05+00:00  event=ok  pair=AUDCAD  ym=202001  size=11471400  rows=1908720  sha=5265694353a728c9
2026-05-19T21:33:38+00:00  event=ok  pair=AUDCAD  ym=202002  size=13183183  rows=2227038  sha=c3c507fee52a7107
2026-05-19T21:35:14+00:00  event=ok  pair=AUDCAD  ym=202003  size=37621644  rows=6061580  sha=3604c7c6d07a247f
2026-05-19T21:36:19+00:00  event=ok  pair=AUDCAD  ym=202004  size=26343923  rows=4339004  sha=60ac76bf46f6c5fd
2026-05-19T21:37:14+00:00  event=ok  pair=AUDCAD  ym=202005  size=22061326  rows=3688375  sha=b4bc9a41174d963c
2026-05-19T21:38:22+00:00  event=ok  pair=AUDCAD  ym=202006  size=27214664  rows=4544191  sha=e11d27ad2a23ae81
2026-05-19T21:39:13+00:00  event=ok  pair=AUDCAD  ym=202007  size=20014342  rows=3371568  sha=254e9c58de5d7133
2026-05-19T21:40:02+00:00  event=ok  pair=AUDCAD  ym=202008  size=17273188  rows=2879495  sha=4056a3c85b1f9bcf
2026-05-19T21:40:51+00:00  event=ok  pair=AUDCAD  ym=202009  size=18143730  rows=2972857  sha=f57ac10d0e974091
2026-05-19T21:41:36+00:00  event=ok  pair=AUDCAD  ym=202010  size=15692617  rows=2571309  sha=86aea2a27f503d9d
2026-05-19T21:42:15+00:00  event=ok  pair=AUDCAD  ym=202011  size=15627641  rows=2532119  sha=18967227766953fe
2026-05-19T21:42:49+00:00  event=ok  pair=AUDCAD  ym=202012  size=14004075  rows=2258519  sha=c1e723aa2c189ec6
2026-05-19T21:43:31+00:00  event=ok  pair=AUDCAD  ym=202101  size=17077482  rows=2778382  sha=af43e70e01457999
2026-05-19T21:44:05+00:00  event=ok  pair=AUDCAD  ym=202102  size=14071107  rows=2277127  sha=8d93a499ef40ea94
2026-05-19T21:44:53+00:00  event=ok  pair=AUDCAD  ym=202103  size=19716012  rows=3248511  sha=7d8fcc9430eb3c8f
2026-05-19T21:45:23+00:00  event=ok  pair=AUDCAD  ym=202104  size=12226205  rows=1981705  sha=d64b5dd91824e3b1
2026-05-19T21:45:52+00:00  event=ok  pair=AUDCAD  ym=202105  size=12052858  rows=1948291  sha=6d93fac503b716f0
2026-05-19T21:46:54+00:00  event=ok  pair=AUDCAD  ym=202106  size=11165816  rows=1795020  sha=6aa917cc5d55e954
2026-05-19T21:47:26+00:00  event=ok  pair=AUDCAD  ym=202107  size=12790341  rows=2062792  sha=a011d2b1c2e770cc
2026-05-19T21:47:50+00:00  event=ok  pair=AUDCAD  ym=202108  size=9719768  rows=1543399  sha=3e75a937776a0dde
2026-05-19T21:48:50+00:00  event=ok  pair=AUDCAD  ym=202109  size=12776676  rows=2061676  sha=da51852e62960a5b
2026-05-19T21:49:48+00:00  event=ok  pair=AUDCAD  ym=202110  size=12576328  rows=2032247  sha=89eb5406c32f4fe1
2026-05-19T21:50:49+00:00  event=ok  pair=AUDCAD  ym=202111  size=13053210  rows=2103269  sha=654fa2d22ec23592
2026-05-19T21:51:29+00:00  event=ok  pair=AUDCAD  ym=202112  size=13669321  rows=2221215  sha=ec218687b9c512ef
2026-05-19T21:52:16+00:00  event=ok  pair=AUDCAD  ym=202201  size=16024883  rows=2657589  sha=dd9242fd3b143731
2026-05-19T21:52:56+00:00  event=ok  pair=AUDCAD  ym=202202  size=16786790  rows=2752991  sha=77e81628e10d931e
2026-05-19T21:54:39+00:00  event=ok  pair=AUDCAD  ym=202203  size=19116961  rows=3101176  sha=f998395b4b09e8d3
2026-05-19T21:55:13+00:00  event=ok  pair=AUDCAD  ym=202204  size=14611513  rows=2348332  sha=1e8b44ca0138caf1
2026-05-19T21:56:00+00:00  event=ok  pair=AUDCAD  ym=202205  size=21008987  rows=3411010  sha=987bdfa21ca766f3
2026-05-19T21:56:48+00:00  event=ok  pair=AUDCAD  ym=202206  size=20603254  rows=3395407  sha=5339209e6b183f57
2026-05-19T21:57:34+00:00  event=ok  pair=AUDCAD  ym=202207  size=20380603  rows=3351465  sha=0ac892f9559cf8d2
2026-05-19T21:58:23+00:00  event=ok  pair=AUDCAD  ym=202208  size=19306473  rows=3170752  sha=199e692d6660c9e7
2026-05-19T21:59:27+00:00  event=ok  pair=AUDCAD  ym=202209  size=23238125  rows=3830002  sha=67db1acb5192d360
2026-05-19T22:00:21+00:00  event=ok  pair=AUDCAD  ym=202210  size=24227590  rows=3968215  sha=dc02ba4208446c46
2026-05-19T22:01:26+00:00  event=ok  pair=AUDCAD  ym=202211  size=28781753  rows=4800753  sha=12e3a785753f83ad
2026-05-19T22:03:32+00:00  event=ok  pair=AUDCAD  ym=202212  size=23123054  rows=3794483  sha=2803677edc09a857
2026-05-19T22:04:16+00:00  event=ok  pair=AUDCAD  ym=202301  size=20123350  rows=3187338  sha=d615132410de2d65
2026-05-19T22:05:35+00:00  event=ok  pair=AUDCAD  ym=202302  size=18122202  rows=2933614  sha=9ed52dabfc1ecc09
2026-05-19T22:06:10+00:00  event=ok  pair=AUDCAD  ym=202303  size=15562776  rows=2517461  sha=ffd4b7b099e5fb93
2026-05-19T22:06:33+00:00  event=ok  pair=AUDCAD  ym=202304  size=9361818  rows=1506636  sha=8e7fc195904e6594
2026-05-19T22:07:05+00:00  event=ok  pair=AUDCAD  ym=202305  size=11679348  rows=1908203  sha=beef40ae4ef02a08
2026-05-19T22:07:28+00:00  event=ok  pair=AUDCAD  ym=202306  size=9489496  rows=1509599  sha=10f86867d4f81e66
2026-05-19T22:07:51+00:00  event=ok  pair=AUDCAD  ym=202307  size=9558477  rows=1505196  sha=d6483b3eaba96aa1
2026-05-19T22:08:25+00:00  event=ok  pair=AUDCAD  ym=202308  size=15366285  rows=2452833  sha=353f7a856c3d6632
2026-05-19T22:08:54+00:00  event=ok  pair=AUDCAD  ym=202309  size=12494573  rows=2002763  sha=973c54edc9e02dfb
2026-05-19T22:10:10+00:00  event=ok  pair=AUDCAD  ym=202310  size=14890044  rows=2394605  sha=f7b8bc8a28d2e92e
2026-05-19T22:10:45+00:00  event=ok  pair=AUDCAD  ym=202311  size=12780560  rows=2030621  sha=0fe35108d13e48a1
2026-05-19T22:11:30+00:00  event=ok  pair=AUDCAD  ym=202312  size=13065553  rows=2092298  sha=21631a3e3171ea23
2026-05-19T22:12:01+00:00  event=ok  pair=AUDCAD  ym=202401  size=13840487  rows=2201787  sha=16a9caeea8e09415
2026-05-19T22:12:27+00:00  event=ok  pair=AUDCAD  ym=202402  size=10849175  rows=1745957  sha=ea27b5802053b125
2026-05-19T22:13:19+00:00  event=ok  pair=AUDCAD  ym=202403  size=9766245  rows=1565050  sha=357aff046c4a2041
2026-05-19T22:13:51+00:00  event=ok  pair=AUDCAD  ym=202404  size=11820948  rows=1908028  sha=8471cdcd0a193b7e
2026-05-19T22:14:23+00:00  event=ok  pair=AUDCAD  ym=202405  size=10597973  rows=1707887  sha=ba05088a4064b98f
2026-05-19T22:14:48+00:00  event=ok  pair=AUDCAD  ym=202406  size=10418943  rows=1690695  sha=db1e48398119ace1
2026-05-19T22:15:16+00:00  event=ok  pair=AUDCAD  ym=202407  size=11445892  rows=1860814  sha=fde66b9f51c374de
2026-05-19T22:15:50+00:00  event=ok  pair=AUDCAD  ym=202408  size=15043290  rows=2454235  sha=031004db2090481d
2026-05-19T22:16:22+00:00  event=ok  pair=AUDCAD  ym=202409  size=13510488  rows=2229217  sha=8a0baf941ca481ab
2026-05-19T22:17:28+00:00  event=ok  pair=AUDCAD  ym=202410  size=13723144  rows=2234658  sha=e46bff20948acb08
2026-05-19T22:18:36+00:00  event=ok  pair=AUDCAD  ym=202411  size=16435826  rows=2686782  sha=5ae0f75c97e56e6c
2026-05-19T22:19:18+00:00  event=ok  pair=AUDCAD  ym=202412  size=15071287  rows=2454144  sha=9650e10873d320a9
2026-05-19T22:20:01+00:00  event=ok  pair=AUDCAD  ym=202501  size=16035142  rows=2599572  sha=0f233cb870b7befe
2026-05-19T22:20:38+00:00  event=ok  pair=AUDCAD  ym=202502  size=15283939  rows=2508230  sha=5ef2f7cf877676ff
2026-05-19T22:21:21+00:00  event=ok  pair=AUDCAD  ym=202503  size=18062944  rows=2981270  sha=642260433cd7bb64
2026-05-19T22:22:23+00:00  event=ok  pair=AUDCAD  ym=202504  size=28574034  rows=4593577  sha=33e11cac273f6c39
2026-05-19T22:22:50+00:00  event=ok  pair=AUDCAD  ym=202505  size=11292786  rows=1785095  sha=785ab195fe804a15
2026-05-19T22:23:17+00:00  event=ok  pair=AUDCAD  ym=202506  size=11240593  rows=1802910  sha=f60dc00187511209
2026-05-19T22:23:44+00:00  event=ok  pair=AUDCAD  ym=202507  size=10771659  rows=1757141  sha=e1d313c74f819f7a
2026-05-19T22:24:11+00:00  event=ok  pair=AUDCAD  ym=202508  size=8170677  rows=1324860  sha=c65e57c2d5fc910d
2026-05-19T22:24:37+00:00  event=ok  pair=AUDCAD  ym=202509  size=9198406  rows=1497188  sha=0f377afc2f9512fe
2026-05-19T22:25:04+00:00  event=ok  pair=AUDCAD  ym=202510  size=10688382  rows=1744500  sha=3fe2c64ce0fe1dec
2026-05-19T22:25:33+00:00  event=ok  pair=AUDCAD  ym=202511  size=11887029  rows=1970855  sha=f8972da289cd151b
2026-05-19T22:26:52+00:00  event=ok  pair=AUDCAD  ym=202512  size=12141906  rows=2042782  sha=cc520dd2e4c05515
2026-05-19T22:27:18+00:00  event=ok  pair=AUDCAD  ym=202601  size=10578126  rows=1726719  sha=d5eb90aff10a4008
2026-05-19T22:27:40+00:00  event=ok  pair=AUDCAD  ym=202602  size=9072880  rows=1417280  sha=e09c2cedfea2e566
2026-05-19T22:29:12+00:00  event=ok  pair=AUDCAD  ym=202603  size=18183427  rows=2837610  sha=e93ce0145117e9fe
2026-05-19T22:29:26+00:00  event=ok  pair=AUDCAD  ym=202604  size=4133363  rows=637232  sha=df8cdbe945fdcce3
2026-05-19T22:29:28+00:00  event=pair_done  pair=AUDCAD  done=196  total=5488  elapsed_s=5450  eta_s=147163
2026-05-19T22:29:37+00:00  event=ok  pair=AUDCHF  ym=201001  size=2162073  rows=580469  sha=afab08ecc89dff6f
2026-05-19T22:29:50+00:00  event=ok  pair=AUDCHF  ym=201002  size=2250332  rows=609714  sha=b56a6a20169de4cd
2026-05-19T22:30:04+00:00  event=ok  pair=AUDCHF  ym=201003  size=2427493  rows=690598  sha=f4e52dc27ad9aba7
2026-05-19T22:30:20+00:00  event=ok  pair=AUDCHF  ym=201004  size=2398811  rows=715317  sha=829383af28e12262
2026-05-19T22:30:41+00:00  event=ok  pair=AUDCHF  ym=201005  size=3907276  rows=1073266  sha=413428e6a089c31e
2026-05-19T22:30:56+00:00  event=ok  pair=AUDCHF  ym=201006  size=3183144  rows=856421  sha=1072f87117e2c83a
2026-05-19T22:31:09+00:00  event=ok  pair=AUDCHF  ym=201007  size=2601426  rows=690247  sha=ced703b6a0eeeb20
2026-05-19T22:32:07+00:00  event=start  n_specs=5488  pairs=28  months=196  rate_s=2.0  dry_run=False
2026-05-19T22:32:07+00:00  event=session_rotate  reason=initial
2026-05-19T22:32:07+00:00  event=progress  done=50  total=5488  last=AUDCAD/201402 CACHED
2026-05-19T22:32:08+00:00  event=progress  done=100  total=5488  last=AUDCAD/201804 CACHED
2026-05-19T22:32:09+00:00  event=progress  done=150  total=5488  last=AUDCAD/202206 CACHED
2026-05-19T22:32:10+00:00  event=pair_done  pair=AUDCAD  done=196  total=5488  elapsed_s=3  eta_s=88
2026-05-19T22:32:10+00:00  event=progress  done=200  total=5488  last=AUDCHF/201004 CACHED
2026-05-19T22:32:26+00:00  event=ok  pair=AUDCHF  ym=201005  size=3907276  rows=1073266  sha=413428e6a089c31e
2026-05-19T22:32:43+00:00  event=ok  pair=AUDCHF  ym=201006  size=3183144  rows=856421  sha=1072f87117e2c83a
2026-05-19T22:32:57+00:00  event=ok  pair=AUDCHF  ym=201007  size=2601426  rows=690247  sha=ced703b6a0eeeb20
2026-05-19T22:33:10+00:00  event=ok  pair=AUDCHF  ym=201008  size=2443964  rows=646582  sha=029876b0bc95626f
2026-05-19T22:33:22+00:00  event=ok  pair=AUDCHF  ym=201009  size=2416908  rows=644462  sha=bae3de2c0b697550
2026-05-19T22:33:33+00:00  event=ok  pair=AUDCHF  ym=201010  size=2117608  rows=576928  sha=73b87f724d3b8d6c
2026-05-19T22:33:45+00:00  event=ok  pair=AUDCHF  ym=201011  size=2310703  rows=635992  sha=7e05726083495f1d
2026-05-19T22:33:54+00:00  event=ok  pair=AUDCHF  ym=201012  size=1896801  rows=516633  sha=1807524ed4f4e1de
2026-05-19T22:34:05+00:00  event=ok  pair=AUDCHF  ym=201101  size=2078823  rows=570313  sha=66940457f04bb396
2026-05-19T22:34:15+00:00  event=ok  pair=AUDCHF  ym=201102  size=1940165  rows=544360  sha=dc3ebe7783ed2846
2026-05-19T22:34:26+00:00  event=ok  pair=AUDCHF  ym=201103  size=2129667  rows=575248  sha=1c9e3959bb8039ad
2026-05-19T22:34:36+00:00  event=ok  pair=AUDCHF  ym=201104  size=1843176  rows=451964  sha=64d1ee9162158e28
2026-05-19T22:34:47+00:00  event=ok  pair=AUDCHF  ym=201105  size=2941389  rows=562922  sha=3a554787502d2258
2026-05-19T22:34:58+00:00  event=ok  pair=AUDCHF  ym=201106  size=3018960  rows=590787  sha=8411ce6d28ce84e2
2026-05-19T22:35:10+00:00  event=ok  pair=AUDCHF  ym=201107  size=3139980  rows=606688  sha=7aab42afaccfe2c7
2026-05-19T22:35:24+00:00  event=ok  pair=AUDCHF  ym=201108  size=4140485  rows=798323  sha=3f362f52db90a3f9
2026-05-19T22:35:36+00:00  event=ok  pair=AUDCHF  ym=201109  size=3456980  rows=662574  sha=9fcf871bc2aaf1e6
2026-05-19T22:35:49+00:00  event=ok  pair=AUDCHF  ym=201110  size=3400165  rows=653544  sha=06031a4b79079903
2026-05-19T22:36:02+00:00  event=ok  pair=AUDCHF  ym=201111  size=3768888  rows=730794  sha=b561206ab33a286c
2026-05-19T22:36:19+00:00  event=ok  pair=AUDCHF  ym=201112  size=5973663  rows=1041607  sha=947ec2c837ee8eca
2026-05-19T22:36:43+00:00  event=ok  pair=AUDCHF  ym=201201  size=6044708  rows=1066665  sha=56ab2eaf44a30f40
2026-05-19T22:37:15+00:00  event=ok  pair=AUDCHF  ym=201202  size=8795218  rows=1645800  sha=3439623df270fe67
2026-05-19T22:37:41+00:00  event=ok  pair=AUDCHF  ym=201203  size=8242358  rows=1538432  sha=e4dc12f64e3f306b
2026-05-19T22:38:06+00:00  event=ok  pair=AUDCHF  ym=201204  size=7334647  rows=1374619  sha=55a8d7fca8cf60e2
2026-05-19T22:38:37+00:00  event=ok  pair=AUDCHF  ym=201205  size=9074720  rows=1704139  sha=3a71ce9a9a359d16
2026-05-19T22:39:04+00:00  event=ok  pair=AUDCHF  ym=201206  size=8642569  rows=1630199  sha=82cdfbebc0c30b44
2026-05-19T22:39:29+00:00  event=ok  pair=AUDCHF  ym=201207  size=7497125  rows=1391755  sha=d4c3db2123669b65
2026-05-19T22:40:02+00:00  event=ok  pair=AUDCHF  ym=201208  size=5557949  rows=1007085  sha=c0ab3d347af5bdce
2026-05-19T22:40:22+00:00  event=ok  pair=AUDCHF  ym=201209  size=5512317  rows=971425  sha=d4cd55530361d33e
2026-05-19T22:40:39+00:00  event=ok  pair=AUDCHF  ym=201210  size=5071241  rows=908695  sha=4fbc4e5a791cf9b3
2026-05-19T22:40:53+00:00  event=ok  pair=AUDCHF  ym=201211  size=4117489  rows=732748  sha=fd6b1807ce38d795
2026-05-19T22:41:04+00:00  event=ok  pair=AUDCHF  ym=201212  size=3169630  rows=549128  sha=2586516a3f2890a9
2026-05-19T22:41:19+00:00  event=ok  pair=AUDCHF  ym=201301  size=4648089  rows=794977  sha=8727c8075d16134c
2026-05-19T22:41:32+00:00  event=ok  pair=AUDCHF  ym=201302  size=4287742  rows=727978  sha=6dec63dbbc6cf89c
2026-05-19T22:41:45+00:00  event=ok  pair=AUDCHF  ym=201303  size=4085030  rows=701438  sha=9d90f404d2476930
2026-05-19T22:41:57+00:00  event=ok  pair=AUDCHF  ym=201304  size=4048076  rows=690709  sha=ce84f6556942f315
2026-05-19T22:42:13+00:00  event=ok  pair=AUDCHF  ym=201305  size=5607679  rows=943057  sha=d93dfdb38aa16be9
2026-05-19T22:42:32+00:00  event=ok  pair=AUDCHF  ym=201306  size=6739473  rows=1123190  sha=93459f1458a4dab5
2026-05-19T22:42:51+00:00  event=ok  pair=AUDCHF  ym=201307  size=6756931  rows=1144583  sha=e790bd6f826a7679
2026-05-19T22:43:10+00:00  event=ok  pair=AUDCHF  ym=201308  size=5553213  rows=947862  sha=48ecd3d722d485c6
2026-05-19T22:43:25+00:00  event=ok  pair=AUDCHF  ym=201309  size=4575176  rows=781612  sha=cd9f464f790eb53d
2026-05-19T22:43:41+00:00  event=ok  pair=AUDCHF  ym=201310  size=4530192  rows=768581  sha=7b4dd7d91ee14c70
2026-05-19T22:43:54+00:00  event=ok  pair=AUDCHF  ym=201311  size=4168787  rows=708191  sha=514b52a0168dde71
2026-05-19T22:44:08+00:00  event=ok  pair=AUDCHF  ym=201312  size=3988744  rows=680239  sha=4e0955beed30711e
2026-05-19T22:44:25+00:00  event=ok  pair=AUDCHF  ym=201401  size=5169571  rows=884990  sha=ec9a968f54a29a88
2026-05-19T22:44:38+00:00  event=ok  pair=AUDCHF  ym=201402  size=4237335  rows=718584  sha=37d96f5bac15c299
2026-05-19T22:44:51+00:00  event=ok  pair=AUDCHF  ym=201403  size=4136026  rows=710487  sha=5ccca2b4a0fc559e
2026-05-19T22:45:05+00:00  event=ok  pair=AUDCHF  ym=201404  size=3559773  rows=616347  sha=e9ac289aaba6ea6e
2026-05-19T22:45:16+00:00  event=ok  pair=AUDCHF  ym=201405  size=3459292  rows=603628  sha=97f1a4b8107ca0e9
2026-05-19T22:45:28+00:00  event=ok  pair=AUDCHF  ym=201406  size=3356912  rows=592702  sha=f487692fafed6b6f
2026-05-19T22:45:30+00:00  event=session_rotate  reason=throttle_guard  files_since_rotate=50
2026-05-19T22:45:54+00:00  event=ok  pair=AUDCHF  ym=201407  size=3449609  rows=628880  sha=b4922514c24f31f8
2026-05-19T22:46:16+00:00  event=ok  pair=AUDCHF  ym=201408  size=3358801  rows=692472  sha=b8951ce340347c4c
2026-05-19T22:46:38+00:00  event=ok  pair=AUDCHF  ym=201409  size=5028306  rows=1027624  sha=493f5fe0a92f621f
2026-05-19T22:47:03+00:00  event=ok  pair=AUDCHF  ym=201410  size=7283053  rows=1283065  sha=a2c2a62edd9b0284
2026-05-19T22:47:28+00:00  event=ok  pair=AUDCHF  ym=201411  size=7621866  rows=1410189  sha=bf6aacf83ab07394
2026-05-19T22:47:52+00:00  event=ok  pair=AUDCHF  ym=201412  size=7071274  rows=1294564  sha=4c5e64851008f6fc
2026-05-19T22:48:18+00:00  event=ok  pair=AUDCHF  ym=201501  size=8012996  rows=1396608  sha=3a53c73b8f30c91a
2026-05-19T22:48:47+00:00  event=ok  pair=AUDCHF  ym=201502  size=5441364  rows=961932  sha=510ee80eef13c7d9
2026-05-19T22:49:32+00:00  event=ok  pair=AUDCHF  ym=201503  size=7098860  rows=1236053  sha=fd318103c30baa8b
2026-05-19T22:49:55+00:00  event=ok  pair=AUDCHF  ym=201504  size=7534349  rows=1347843  sha=2fa89d3d1a2e4085
2026-05-19T22:50:33+00:00  event=ok  pair=AUDCHF  ym=201505  size=7682865  rows=1392764  sha=6e57ddde404e8862
2026-05-19T22:51:03+00:00  event=ok  pair=AUDCHF  ym=201506  size=8150820  rows=1493254  sha=1e5e483a1686f372
2026-05-19T22:51:31+00:00  event=ok  pair=AUDCHF  ym=201507  size=8334019  rows=1547354  sha=bf778f87a222c11c
2026-05-19T22:51:59+00:00  event=ok  pair=AUDCHF  ym=201508  size=8018299  rows=1445619  sha=fc03d7d45bab85d3
2026-05-19T22:52:30+00:00  event=ok  pair=AUDCHF  ym=201509  size=7783925  rows=1378654  sha=ed05d2e9b3880676
2026-05-19T22:52:52+00:00  event=ok  pair=AUDCHF  ym=201510  size=6919298  rows=1241720  sha=48509e9d76ee7ed2
2026-05-19T22:53:15+00:00  event=ok  pair=AUDCHF  ym=201511  size=6934918  rows=1296168  sha=00ca42c9e6dbd255
2026-05-19T22:53:42+00:00  event=ok  pair=AUDCHF  ym=201512  size=7493468  rows=1383921  sha=67fe9c940c8d2f2c
2026-05-19T22:54:12+00:00  event=ok  pair=AUDCHF  ym=201601  size=10314535  rows=1857565  sha=87baeffb0af8c54b
2026-05-19T22:55:08+00:00  event=ok  pair=AUDCHF  ym=201602  size=10193123  rows=1875333  sha=aa6ec9bb82307dfa
2026-05-19T22:55:35+00:00  event=ok  pair=AUDCHF  ym=201603  size=8899505  rows=1631312  sha=17745d0c62c5f422
2026-05-19T22:55:58+00:00  event=ok  pair=AUDCHF  ym=201604  size=7573903  rows=1364074  sha=04fdd3a0ca70807d
2026-05-19T22:56:23+00:00  event=ok  pair=AUDCHF  ym=201605  size=7192226  rows=1310710  sha=c1e5f56de5b0dac4
2026-05-19T22:56:47+00:00  event=ok  pair=AUDCHF  ym=201606  size=7532805  rows=1358522  sha=205643675fd20dcb
2026-05-19T22:57:03+00:00  event=ok  pair=AUDCHF  ym=201607  size=5017439  rows=899462  sha=5b41cd7ff6899799
2026-05-19T22:57:18+00:00  event=ok  pair=AUDCHF  ym=201608  size=4702667  rows=861955  sha=81ae8f85a6b0e2ee
2026-05-19T22:57:34+00:00  event=ok  pair=AUDCHF  ym=201609  size=4815468  rows=884349  sha=e08e2e01f9d1f4b8
2026-05-19T22:57:48+00:00  event=ok  pair=AUDCHF  ym=201610  size=3911436  rows=723559  sha=83c0b21bd9124c3a
2026-05-19T22:58:07+00:00  event=ok  pair=AUDCHF  ym=201611  size=6242767  rows=1163189  sha=f21fc13381986c34
2026-05-19T22:58:22+00:00  event=ok  pair=AUDCHF  ym=201612  size=4530780  rows=844971  sha=9faa7c85ae77d76b
2026-05-19T22:58:42+00:00  event=ok  pair=AUDCHF  ym=201701  size=6082342  rows=1166836  sha=ae1185fe656ae5b8
2026-05-19T22:58:59+00:00  event=ok  pair=AUDCHF  ym=201702  size=4997840  rows=956466  sha=5b30f53c87b8a697
2026-05-19T22:59:19+00:00  event=ok  pair=AUDCHF  ym=201703  size=6213760  rows=1161051  sha=ad52841e70ab5a95
2026-05-19T22:59:34+00:00  event=ok  pair=AUDCHF  ym=201704  size=4550713  rows=840474  sha=6b3695fd1af9a028
2026-05-19T22:59:52+00:00  event=ok  pair=AUDCHF  ym=201705  size=5698258  rows=1067826  sha=e8a0debe0ad994af
2026-05-19T23:00:12+00:00  event=ok  pair=AUDCHF  ym=201706  size=4991713  rows=942121  sha=234cdd6144389c7e
2026-05-19T23:00:32+00:00  event=ok  pair=AUDCHF  ym=201707  size=5718103  rows=1079458  sha=56dc461781b12334
2026-05-19T23:00:48+00:00  event=ok  pair=AUDCHF  ym=201708  size=4436053  rows=805637  sha=0467f7ced3d44e03
2026-05-19T23:01:02+00:00  event=ok  pair=AUDCHF  ym=201709  size=4462278  rows=813929  sha=fe5335533b188c44
2026-05-19T23:01:17+00:00  event=ok  pair=AUDCHF  ym=201710  size=4391944  rows=820037  sha=d580b2fb388c35de
2026-05-19T23:01:31+00:00  event=ok  pair=AUDCHF  ym=201711  size=4082684  rows=767808  sha=c1b1034d24d72623
2026-05-19T23:01:43+00:00  event=ok  pair=AUDCHF  ym=201712  size=3309081  rows=615530  sha=b5e9c3db17b38776
2026-05-19T23:02:00+00:00  event=ok  pair=AUDCHF  ym=201801  size=5625428  rows=1060088  sha=90d2e041dd60cfb5
2026-05-19T23:02:18+00:00  event=ok  pair=AUDCHF  ym=201802  size=5446090  rows=1015757  sha=3b4e6930926f0519
2026-05-19T23:02:36+00:00  event=ok  pair=AUDCHF  ym=201803  size=4499289  rows=840531  sha=e489f9bc44bcf1c0
2026-05-19T23:02:49+00:00  event=ok  pair=AUDCHF  ym=201804  size=3825361  rows=723466  sha=a9b3496068d00f8c
2026-05-19T23:03:10+00:00  event=ok  pair=AUDCHF  ym=201805  size=6157162  rows=1154348  sha=0305f7e756f7b381
2026-05-19T23:03:27+00:00  event=ok  pair=AUDCHF  ym=201806  size=4454497  rows=830754  sha=3f36a5eb34505439
2026-05-19T23:03:44+00:00  event=ok  pair=AUDCHF  ym=201807  size=4773358  rows=903547  sha=3a164ca0c008355c
2026-05-19T23:04:05+00:00  event=ok  pair=AUDCHF  ym=201808  size=5738828  rows=1111621  sha=d5797395dfcd455b
2026-05-19T23:04:07+00:00  event=session_rotate  reason=throttle_guard  files_since_rotate=50
2026-05-19T23:04:29+00:00  event=ok  pair=AUDCHF  ym=201809  size=6422163  rows=1259823  sha=635f6cd1865a3486
2026-05-19T23:05:18+00:00  event=ok  pair=AUDCHF  ym=201810  size=9225355  rows=1857433  sha=17ab0c558baf4fd4
2026-05-19T23:05:47+00:00  event=ok  pair=AUDCHF  ym=201811  size=7678565  rows=1506810  sha=a81e6b579f06fdd8
2026-05-19T23:06:17+00:00  event=ok  pair=AUDCHF  ym=201812  size=9473770  rows=1663609  sha=19ff9657ee2ff5d0
2026-05-19T23:06:58+00:00  event=ok  pair=AUDCHF  ym=201901  size=14265412  rows=2375866  sha=88b50809b652c653
2026-05-19T23:07:35+00:00  event=ok  pair=AUDCHF  ym=201902  size=13736493  rows=2375532  sha=e9a0415e644fbb29
2026-05-19T23:08:12+00:00  event=ok  pair=AUDCHF  ym=201903  size=14011336  rows=2458600  sha=ffaf377d68d90c2d
2026-05-19T23:08:42+00:00  event=ok  pair=AUDCHF  ym=201904  size=10811507  rows=1866591  sha=18dc6ca8fcd8c816
2026-05-19T23:09:07+00:00  event=ok  pair=AUDCHF  ym=201905  size=8892289  rows=1494873  sha=b1661eaf375fdf86
2026-05-19T23:09:31+00:00  event=ok  pair=AUDCHF  ym=201906  size=8389630  rows=1406925  sha=efe228f4444568e9
2026-05-19T23:09:55+00:00  event=ok  pair=AUDCHF  ym=201907  size=7268561  rows=1212016  sha=5cbf344425bd9fde
2026-05-19T23:10:26+00:00  event=ok  pair=AUDCHF  ym=201908  size=11150627  rows=1866738  sha=8f14d17f288d8a34
2026-05-19T23:10:50+00:00  event=ok  pair=AUDCHF  ym=201909  size=8509800  rows=1435372  sha=f459a7cedbb2b548
2026-05-19T23:11:16+00:00  event=ok  pair=AUDCHF  ym=201910  size=9748602  rows=1632411  sha=cedcd2844ceb4b41
2026-05-19T23:11:37+00:00  event=ok  pair=AUDCHF  ym=201911  size=7295453  rows=1220182  sha=659baf32f379ed79
2026-05-19T23:12:01+00:00  event=ok  pair=AUDCHF  ym=201912  size=6234791  rows=1021863  sha=1a77439aaf79677d
2026-05-19T23:12:25+00:00  event=ok  pair=AUDCHF  ym=202001  size=8715933  rows=1437035  sha=de4a2a3ebeaeb438
2026-05-19T23:12:50+00:00  event=ok  pair=AUDCHF  ym=202002  size=8957987  rows=1468965  sha=06fd485e3cbe4acc
2026-05-19T23:14:12+00:00  event=ok  pair=AUDCHF  ym=202003  size=25123343  rows=3932685  sha=29f3c867af58fbb0
2026-05-19T23:14:46+00:00  event=ok  pair=AUDCHF  ym=202004  size=13753983  rows=2198905  sha=6672f298bdf34a56
2026-05-19T23:15:17+00:00  event=ok  pair=AUDCHF  ym=202005  size=11813887  rows=1911680  sha=cb9e5f1b3e96357e
2026-05-19T23:16:25+00:00  event=ok  pair=AUDCHF  ym=202006  size=15968534  rows=2581708  sha=c2f3e4a78f55c377
2026-05-19T23:17:01+00:00  event=ok  pair=AUDCHF  ym=202007  size=11374224  rows=1860632  sha=c56841008602b90f
2026-05-19T23:17:31+00:00  event=ok  pair=AUDCHF  ym=202008  size=10084433  rows=1644917  sha=f7e223a9ed2d2ef7
2026-05-19T23:18:02+00:00  event=ok  pair=AUDCHF  ym=202009  size=10508481  rows=1687456  sha=613795282ed81d82
2026-05-19T23:18:29+00:00  event=ok  pair=AUDCHF  ym=202010  size=9130460  rows=1466844  sha=c5a7c1c03303fa63
2026-05-19T23:19:22+00:00  event=ok  pair=AUDCHF  ym=202011  size=10442792  rows=1665559  sha=308228226076718c
2026-05-19T23:19:48+00:00  event=ok  pair=AUDCHF  ym=202012  size=9131987  rows=1460673  sha=d0aef385694ae8de
2026-05-19T23:20:18+00:00  event=ok  pair=AUDCHF  ym=202101  size=11508796  rows=1859781  sha=ca9a2e3741e90a1f
2026-05-19T23:20:48+00:00  event=ok  pair=AUDCHF  ym=202102  size=10070230  rows=1626357  sha=45b867df9480ee1c
2026-05-19T23:21:24+00:00  event=ok  pair=AUDCHF  ym=202103  size=13852225  rows=2246037  sha=469630db45bd56e2
2026-05-19T23:21:48+00:00  event=ok  pair=AUDCHF  ym=202104  size=8924894  rows=1424804  sha=4e3b1bd4c776f926
2026-05-19T23:22:15+00:00  event=ok  pair=AUDCHF  ym=202105  size=9349639  rows=1506021  sha=8bcb5338ed000f76
2026-05-19T23:22:40+00:00  event=ok  pair=AUDCHF  ym=202106  size=9041553  rows=1462316  sha=1cad36e942481519
2026-05-19T23:23:08+00:00  event=ok  pair=AUDCHF  ym=202107  size=10396767  rows=1686179  sha=e7cca0d12932f958
2026-05-19T23:23:30+00:00  event=ok  pair=AUDCHF  ym=202108  size=7798804  rows=1241522  sha=158a2223bd5fcc24
2026-05-19T23:24:01+00:00  event=ok  pair=AUDCHF  ym=202109  size=9885268  rows=1590039  sha=cabd8bf1e371db54
2026-05-19T23:24:29+00:00  event=ok  pair=AUDCHF  ym=202110  size=10207997  rows=1660673  sha=7a62995730ede889
2026-05-19T23:25:08+00:00  event=ok  pair=AUDCHF  ym=202111  size=11315283  rows=1847058  sha=ddd3bc96e69f0e7a
2026-05-19T23:25:37+00:00  event=ok  pair=AUDCHF  ym=202112  size=10340524  rows=1686999  sha=743e977a3ff0a51f
2026-05-19T23:26:07+00:00  event=ok  pair=AUDCHF  ym=202201  size=11328618  rows=1842484  sha=4fa33dec0bfac996
2026-05-19T23:27:11+00:00  event=ok  pair=AUDCHF  ym=202202  size=14142926  rows=2325458  sha=c6a47ac09ef96aff
2026-05-19T23:27:55+00:00  event=ok  pair=AUDCHF  ym=202203  size=16640391  rows=2720849  sha=e45636f43b187451
2026-05-19T23:28:29+00:00  event=ok  pair=AUDCHF  ym=202204  size=13215872  rows=2154638  sha=86f68c4bfdae2c0b
2026-05-19T23:29:14+00:00  event=ok  pair=AUDCHF  ym=202205  size=18070764  rows=2937838  sha=dd4293526ecd37e4
2026-05-19T23:30:05+00:00  event=ok  pair=AUDCHF  ym=202206  size=20147481  rows=3379356  sha=adf4bd2fcf36a0f6
2026-05-19T23:30:55+00:00  event=ok  pair=AUDCHF  ym=202207  size=19431344  rows=3267706  sha=1eb0527640d39959
2026-05-19T23:31:37+00:00  event=ok  pair=AUDCHF  ym=202208  size=16343413  rows=2669179  sha=40026a95446e7561
2026-05-19T23:32:47+00:00  event=ok  pair=AUDCHF  ym=202209  size=24049867  rows=4032144  sha=ef2ec74e3b9fa1f1
2026-05-19T23:33:51+00:00  event=ok  pair=AUDCHF  ym=202210  size=22278261  rows=3726783  sha=18c14904c1aa9787
2026-05-19T23:33:53+00:00  event=session_rotate  reason=throttle_guard  files_since_rotate=50
2026-05-19T23:35:05+00:00  event=ok  pair=AUDCHF  ym=202211  size=16299437  rows=2660510  sha=4eba66e059179e4f
2026-05-19T23:35:49+00:00  event=ok  pair=AUDCHF  ym=202212  size=15432258  rows=2539376  sha=674541fc5ec0bd0b
2026-05-19T23:36:31+00:00  event=ok  pair=AUDCHF  ym=202301  size=16496856  rows=2675610  sha=934644b45a678beb
2026-05-19T23:37:08+00:00  event=ok  pair=AUDCHF  ym=202302  size=12726641  rows=2075542  sha=cbe4cc1342b871c8
2026-05-19T23:37:40+00:00  event=ok  pair=AUDCHF  ym=202303  size=12282984  rows=2005967  sha=9dcb6cd6ba735d61
2026-05-19T23:38:01+00:00  event=ok  pair=AUDCHF  ym=202304  size=6538541  rows=1050144  sha=25243f61db5c3cba
2026-05-19T23:38:20+00:00  event=ok  pair=AUDCHF  ym=202305  size=6535855  rows=1035718  sha=fa8d6c66b868a8e5
2026-05-19T23:38:38+00:00  event=ok  pair=AUDCHF  ym=202306  size=6465419  rows=1018752  sha=150c974b526855f8
2026-05-19T23:38:57+00:00  event=ok  pair=AUDCHF  ym=202307  size=7240504  rows=1150109  sha=cfe37b868621044f
2026-05-19T23:39:29+00:00  event=ok  pair=AUDCHF  ym=202308  size=10640109  rows=1694683  sha=0e4d89cbe76341d7
2026-05-19T23:39:52+00:00  event=ok  pair=AUDCHF  ym=202309  size=8350123  rows=1331029  sha=e16d8f372518b852
2026-05-19T23:40:19+00:00  event=ok  pair=AUDCHF  ym=202310  size=10047397  rows=1610265  sha=d2a9b71ddc66710e
2026-05-19T23:41:07+00:00  event=ok  pair=AUDCHF  ym=202311  size=8184480  rows=1296036  sha=eb57fa8d0a863046
2026-05-19T23:41:55+00:00  event=ok  pair=AUDCHF  ym=202312  size=8103716  rows=1285860  sha=3ca107ad184ed5bb
2026-05-19T23:42:24+00:00  event=ok  pair=AUDCHF  ym=202401  size=9634677  rows=1533725  sha=b8a67c106d6f5169
2026-05-19T23:42:45+00:00  event=ok  pair=AUDCHF  ym=202402  size=7042735  rows=1123311  sha=aaeeafbe658c6168
2026-05-19T23:43:06+00:00  event=ok  pair=AUDCHF  ym=202403  size=7207374  rows=1154881  sha=0010d727c42f1da2
2026-05-19T23:43:29+00:00  event=ok  pair=AUDCHF  ym=202404  size=8344138  rows=1327331  sha=fda35bd38f05a205
2026-05-19T23:43:50+00:00  event=ok  pair=AUDCHF  ym=202405  size=7279208  rows=1156642  sha=a1d5698e448fb9cf
2026-05-19T23:44:10+00:00  event=ok  pair=AUDCHF  ym=202406  size=6198330  rows=975073  sha=66d4554b767d7c19
2026-05-19T23:44:30+00:00  event=ok  pair=AUDCHF  ym=202407  size=7112082  rows=1123702  sha=8315d89fed21e3c5
2026-05-19T23:44:57+00:00  event=ok  pair=AUDCHF  ym=202408  size=10191351  rows=1587053  sha=57e57e82ca9fca10
2026-05-19T23:45:20+00:00  event=ok  pair=AUDCHF  ym=202409  size=8874624  rows=1414234  sha=466da854b6b98707
2026-05-19T23:45:42+00:00  event=ok  pair=AUDCHF  ym=202410  size=7800883  rows=1220126  sha=f2dea0479c4f1860
2026-05-19T23:46:18+00:00  event=ok  pair=AUDCHF  ym=202411  size=8934648  rows=1435170  sha=49cbc79e48f0a09a
2026-05-19T23:46:42+00:00  event=ok  pair=AUDCHF  ym=202412  size=7555598  rows=1209801  sha=f569124cffee0528
2026-05-19T23:47:04+00:00  event=ok  pair=AUDCHF  ym=202501  size=7499414  rows=1190535  sha=b5f577d37858f659
2026-05-19T23:47:25+00:00  event=ok  pair=AUDCHF  ym=202502  size=6207186  rows=973617  sha=eb7be53f0dc84fc3
2026-05-19T23:47:44+00:00  event=ok  pair=AUDCHF  ym=202503  size=6758830  rows=1041855  sha=b0050119bdcb87e8
2026-05-19T23:49:15+00:00  event=ok  pair=AUDCHF  ym=202504  size=19185428  rows=3041108  sha=094c91a385b6cd9e
2026-05-19T23:49:38+00:00  event=ok  pair=AUDCHF  ym=202505  size=7883210  rows=1215008  sha=9f999710535b4153
2026-05-19T23:49:57+00:00  event=ok  pair=AUDCHF  ym=202506  size=6878788  rows=1070091  sha=3ab4add93eabf419
2026-05-19T23:50:13+00:00  event=ok  pair=AUDCHF  ym=202507  size=5508343  rows=859568  sha=2b71ce3752991bd6
2026-05-19T23:50:27+00:00  event=ok  pair=AUDCHF  ym=202508  size=4718144  rows=737593  sha=52aec8b72d420140
2026-05-19T23:50:42+00:00  event=ok  pair=AUDCHF  ym=202509  size=5056871  rows=799960  sha=2f0dc46cc4ea1c86
2026-05-19T23:50:57+00:00  event=ok  pair=AUDCHF  ym=202510  size=5297041  rows=821506  sha=7ef934364d9ac9ea
2026-05-19T23:51:14+00:00  event=ok  pair=AUDCHF  ym=202511  size=6168232  rows=976679  sha=0ab2974b02277cf8
2026-05-19T23:51:38+00:00  event=ok  pair=AUDCHF  ym=202512  size=6322680  rows=1019395  sha=3c8419787b211716
2026-05-19T23:52:02+00:00  event=ok  pair=AUDCHF  ym=202601  size=6868702  rows=1093420  sha=e38d864ae59f04e6
2026-05-19T23:52:20+00:00  event=ok  pair=AUDCHF  ym=202602  size=6332395  rows=985605  sha=7b77058b7e4e110d
2026-05-19T23:52:48+00:00  event=ok  pair=AUDCHF  ym=202603  size=10528971  rows=1671344  sha=8436ee9f4e08b326
2026-05-19T23:52:57+00:00  event=ok  pair=AUDCHF  ym=202604  size=2464822  rows=390728  sha=d1d0b84c249796bd
2026-05-19T23:52:59+00:00  event=pair_done  pair=AUDCHF  done=392  total=5488  elapsed_s=4852  eta_s=63078
2026-05-19T23:53:06+00:00  event=ok  pair=AUDJPY  ym=201001  size=1501966  rows=396622  sha=2c1e3ef95dcbf18a
2026-05-19T23:53:15+00:00  event=ok  pair=AUDJPY  ym=201002  size=1505793  rows=397384  sha=d1dc096e214067b0
2026-05-19T23:53:24+00:00  event=ok  pair=AUDJPY  ym=201003  size=1488550  rows=408622  sha=fb49410e3d6f8626
2026-05-19T23:53:34+00:00  event=ok  pair=AUDJPY  ym=201004  size=1532876  rows=441018  sha=2d95df6c984e6b8f
2026-05-19T23:53:46+00:00  event=ok  pair=AUDJPY  ym=201005  size=2487430  rows=662745  sha=27ec8960c6fae201
2026-05-19T23:53:57+00:00  event=ok  pair=AUDJPY  ym=201006  size=1857827  rows=499105  sha=7eea6cfac3a4edb0
2026-05-19T23:54:06+00:00  event=ok  pair=AUDJPY  ym=201007  size=1521630  rows=403828  sha=bcc65d06991eff9c
2026-05-19T23:54:14+00:00  event=ok  pair=AUDJPY  ym=201008  size=1349817  rows=358835  sha=185139b3a5ed1786
2026-05-19T23:54:16+00:00  event=session_rotate  reason=throttle_guard  files_since_rotate=50
2026-05-19T23:54:23+00:00  event=ok  pair=AUDJPY  ym=201009  size=1250085  rows=334619  sha=3b926effa94d5d2a
2026-05-19T23:54:32+00:00  event=ok  pair=AUDJPY  ym=201010  size=1256209  rows=342840  sha=2d8d2a6ba8a551e3
2026-05-19T23:54:41+00:00  event=ok  pair=AUDJPY  ym=201011  size=1388286  rows=381433  sha=ec2c9204d167a404
2026-05-19T23:54:49+00:00  event=ok  pair=AUDJPY  ym=201012  size=1116454  rows=300923  sha=db082db9326409ee
2026-05-19T23:54:57+00:00  event=ok  pair=AUDJPY  ym=201101  size=1122197  rows=307166  sha=ab2cd2d878b506ec
2026-05-19T23:55:04+00:00  event=ok  pair=AUDJPY  ym=201102  size=986064  rows=273384  sha=0be48bd6fd481a66
2026-05-19T23:55:13+00:00  event=ok  pair=AUDJPY  ym=201103  size=1325709  rows=354958  sha=19021220dbc5d55b
2026-05-19T23:55:21+00:00  event=ok  pair=AUDJPY  ym=201104  size=1209836  rows=291826  sha=f54f1ac312e6c65d
2026-05-19T23:55:29+00:00  event=ok  pair=AUDJPY  ym=201105  size=1839477  rows=355382  sha=1db94f8a0d11053e
2026-05-19T23:55:38+00:00  event=ok  pair=AUDJPY  ym=201106  size=1713245  rows=335934  sha=feb45f2a2a833126
2026-05-19T23:55:46+00:00  event=ok  pair=AUDJPY  ym=201107  size=1536002  rows=297143  sha=9c8864f9ca7cd932
2026-05-19T23:55:56+00:00  event=ok  pair=AUDJPY  ym=201108  size=2314832  rows=451154  sha=e1a0381b2855e26a
2026-05-19T23:56:04+00:00  event=ok  pair=AUDJPY  ym=201109  size=1788068  rows=343184  sha=dc1763fe81605f26
2026-05-19T23:56:14+00:00  event=ok  pair=AUDJPY  ym=201110  size=1968340  rows=380891  sha=6074b5e3061e866a
2026-05-19T23:56:23+00:00  event=ok  pair=AUDJPY  ym=201111  size=1932709  rows=377324  sha=573f8534ce8f3e5f
2026-05-19T23:56:43+00:00  event=ok  pair=AUDJPY  ym=201112  size=6476325  rows=1148002  sha=0b53ee1024ff791d
2026-05-19T23:57:04+00:00  event=ok  pair=AUDJPY  ym=201201  size=6662136  rows=1184591  sha=b2d224eda8cbb462
2026-05-19T23:57:32+00:00  event=ok  pair=AUDJPY  ym=201202  size=8802245  rows=1596700  sha=6118fcf3b81b70c1
2026-05-19T23:58:04+00:00  event=ok  pair=AUDJPY  ym=201203  size=9493457  rows=1689297  sha=43a25bc3cb4a5928
2026-05-19T23:58:36+00:00  event=ok  pair=AUDJPY  ym=201204  size=8348531  rows=1491686  sha=a9e055597ce5102f
2026-05-19T23:59:22+00:00  event=ok  pair=AUDJPY  ym=201205  size=9580062  rows=1727096  sha=9d4435b65d444944
2026-05-19T23:59:50+00:00  event=ok  pair=AUDJPY  ym=201206  size=9381936  rows=1686279  sha=9efbb97ff90ce2bf
2026-05-20T00:00:12+00:00  event=ok  pair=AUDJPY  ym=201207  size=7930287  rows=1436707  sha=3dabc06172aca5b9
2026-05-20T00:00:35+00:00  event=ok  pair=AUDJPY  ym=201208  size=6872664  rows=1251004  sha=b629e3ee2921e4e4
2026-05-20T00:00:54+00:00  event=ok  pair=AUDJPY  ym=201209  size=6035341  rows=1069925  sha=ce7959652dce0906
2026-05-20T00:01:12+00:00  event=ok  pair=AUDJPY  ym=201210  size=5847807  rows=1026201  sha=594d92c8f5923e2d
2026-05-20T00:01:28+00:00  event=ok  pair=AUDJPY  ym=201211  size=5124943  rows=880278  sha=150a8a3b8a0abee6
2026-05-20T00:01:42+00:00  event=ok  pair=AUDJPY  ym=201212  size=4351009  rows=747337  sha=4efec7c4741e661e
2026-05-20T00:02:01+00:00  event=ok  pair=AUDJPY  ym=201301  size=7373189  rows=1248193  sha=b3c178e31e8371b1
2026-05-20T00:02:27+00:00  event=ok  pair=AUDJPY  ym=201302  size=7400076  rows=1252449  sha=07d2803c329e2c08
2026-05-20T00:02:52+00:00  event=ok  pair=AUDJPY  ym=201303  size=7209592  rows=1247308  sha=f275d1016bdcd365
2026-05-20T00:03:18+00:00  event=ok  pair=AUDJPY  ym=201304  size=9102167  rows=1522755  sha=8aad06d14200c758
2026-05-20T00:03:52+00:00  event=ok  pair=AUDJPY  ym=201305  size=9104831  rows=1540644  sha=3dc274c78e484524
2026-05-20T00:04:21+00:00  event=ok  pair=AUDJPY  ym=201306  size=10475085  rows=1726680  sha=75b7297ca2646cac
2026-05-20T00:04:45+00:00  event=ok  pair=AUDJPY  ym=201307  size=9178479  rows=1560818  sha=32d8936cf307758d
2026-05-20T00:05:09+00:00  event=ok  pair=AUDJPY  ym=201308  size=7445741  rows=1260716  sha=830362a0df5849b6
2026-05-20T00:05:30+00:00  event=ok  pair=AUDJPY  ym=201309  size=6307592  rows=1069964  sha=66ced34c830c170d
2026-05-20T00:05:47+00:00  event=ok  pair=AUDJPY  ym=201310  size=5964334  rows=1003946  sha=c7ad137965db9131
2026-05-20T00:06:03+00:00  event=ok  pair=AUDJPY  ym=201311  size=5172338  rows=873703  sha=f44d359115799660
2026-05-20T00:06:19+00:00  event=ok  pair=AUDJPY  ym=201312  size=5212335  rows=889884  sha=f23be99a8eacf94b
2026-05-20T00:06:40+00:00  event=ok  pair=AUDJPY  ym=201401  size=6667585  rows=1133928  sha=d6971847186103f0
2026-05-20T00:06:57+00:00  event=ok  pair=AUDJPY  ym=201402  size=5650883  rows=947405  sha=d6d8d01926a951a0
2026-05-20T00:07:16+00:00  event=ok  pair=AUDJPY  ym=201403  size=5644242  rows=965227  sha=478119acfa0bdc33
2026-05-20T00:07:32+00:00  event=ok  pair=AUDJPY  ym=201404  size=5234216  rows=918752  sha=0a41bf50035a1586
2026-05-20T00:07:48+00:00  event=ok  pair=AUDJPY  ym=201405  size=4761466  rows=843827  sha=a5886be019191d6c
2026-05-20T00:08:00+00:00  event=ok  pair=AUDJPY  ym=201406  size=4025226  rows=721807  sha=22d5288ecbd7f040
2026-05-20T00:08:14+00:00  event=ok  pair=AUDJPY  ym=201407  size=4142480  rows=765871  sha=1ac5fea76607472b
2026-05-20T00:08:28+00:00  event=ok  pair=AUDJPY  ym=201408  size=4057536  rows=849619  sha=fd5865e72e4b8e1a
2026-05-20T00:08:48+00:00  event=ok  pair=AUDJPY  ym=201409  size=6249803  rows=1312826  sha=2a3402bf7304d44e
2026-05-20T00:09:13+00:00  event=ok  pair=AUDJPY  ym=201410  size=9638220  rows=1690313  sha=d362a4fc90a0a6c3
2026-05-20T00:09:15+00:00  event=session_rotate  reason=throttle_guard  files_since_rotate=50
2026-05-20T00:09:50+00:00  event=ok  pair=AUDJPY  ym=201411  size=10021056  rows=1834304  sha=3ef25061f3235204
2026-05-20T00:10:18+00:00  event=ok  pair=AUDJPY  ym=201412  size=9343872  rows=1674076  sha=e2c47c5adbf88898
2026-05-20T00:10:54+00:00  event=ok  pair=AUDJPY  ym=201501  size=11628695  rows=2077590  sha=a1a06a74b61e7c80
2026-05-20T00:11:26+00:00  event=ok  pair=AUDJPY  ym=201502  size=8701844  rows=1550102  sha=9e16343adb9dcb10
2026-05-20T00:11:54+00:00  event=ok  pair=AUDJPY  ym=201503  size=9361156  rows=1672854  sha=5c8b587e41de594a
2026-05-20T00:12:23+00:00  event=ok  pair=AUDJPY  ym=201504  size=8797326  rows=1588115  sha=0bc3f1c5d73876b5
2026-05-20T00:12:50+00:00  event=ok  pair=AUDJPY  ym=201505  size=8438101  rows=1552197  sha=d7765b0b4e32981a
2026-05-20T00:13:27+00:00  event=ok  pair=AUDJPY  ym=201506  size=8896612  rows=1651920  sha=9b7084729daa74e0
2026-05-20T00:13:54+00:00  event=ok  pair=AUDJPY  ym=201507  size=8427583  rows=1546763  sha=097751c5e8e4d4ca
2026-05-20T00:14:33+00:00  event=ok  pair=AUDJPY  ym=201508  size=9707095  rows=1768379  sha=eb43493b4a09e1d7
2026-05-20T00:15:06+00:00  event=ok  pair=AUDJPY  ym=201509  size=10590961  rows=1916216  sha=50607f54249aa48c
2026-05-20T00:15:32+00:00  event=ok  pair=AUDJPY  ym=201510  size=8498299  rows=1559237  sha=8ef4196f6f43de28
2026-05-20T00:15:58+00:00  event=ok  pair=AUDJPY  ym=201511  size=7685892  rows=1462433  sha=6b9f2e9a340eb0ae
2026-05-20T00:16:25+00:00  event=ok  pair=AUDJPY  ym=201512  size=8445056  rows=1583560  sha=a0413c7c10c67e16
2026-05-20T00:17:40+00:00  event=ok  pair=AUDJPY  ym=201601  size=13409771  rows=2411853  sha=aab5071ec3052ca9
2026-05-20T00:18:18+00:00  event=ok  pair=AUDJPY  ym=201602  size=13159076  rows=2367498  sha=737d736057753624
2026-05-20T00:18:48+00:00  event=ok  pair=AUDJPY  ym=201603  size=10484061  rows=1910266  sha=69eb868cc05447dd
2026-05-20T00:19:29+00:00  event=ok  pair=AUDJPY  ym=201604  size=9349626  rows=1656040  sha=23904d83eb980d82
2026-05-20T00:19:53+00:00  event=ok  pair=AUDJPY  ym=201605  size=8090608  rows=1444000  sha=7c343abab0788d26
2026-05-20T00:20:22+00:00  event=ok  pair=AUDJPY  ym=201606  size=9687811  rows=1692173  sha=65bd9f4b1f5c28c0
2026-05-20T00:20:46+00:00  event=ok  pair=AUDJPY  ym=201607  size=8588644  rows=1501213  sha=c5b16539bf86d066
2026-05-20T00:21:20+00:00  event=ok  pair=AUDJPY  ym=201608  size=6821157  rows=1244183  sha=e2994a4f864fdcf6
2026-05-20T00:21:43+00:00  event=ok  pair=AUDJPY  ym=201609  size=7420429  rows=1351681  sha=d99a767b3e26a392
2026-05-20T00:22:04+00:00  event=ok  pair=AUDJPY  ym=201610  size=6490444  rows=1183859  sha=fa5c45b7e786fd22
2026-05-20T00:22:35+00:00  event=ok  pair=AUDJPY  ym=201611  size=11392382  rows=2091244  sha=fae5c875a8aa49eb
2026-05-20T00:23:09+00:00  event=ok  pair=AUDJPY  ym=201612  size=7702677  rows=1430023  sha=b912ce2534daaeff
2026-05-20T00:23:48+00:00  event=ok  pair=AUDJPY  ym=201701  size=10252405  rows=1952632  sha=906f78c3f9c57d4a
2026-05-20T00:24:14+00:00  event=ok  pair=AUDJPY  ym=201702  size=7857354  rows=1504753  sha=4d6fa1b0e4ad5272
2026-05-20T00:24:44+00:00  event=ok  pair=AUDJPY  ym=201703  size=8821116  rows=1680711  sha=096231a93d491d45
2026-05-20T00:25:06+00:00  event=ok  pair=AUDJPY  ym=201704  size=6739051  rows=1251728  sha=7a1d7e7624e857a8
2026-05-20T00:25:35+00:00  event=ok  pair=AUDJPY  ym=201705  size=7384565  rows=1374185  sha=3a1c9e8a1453ee15
2026-05-20T00:26:00+00:00  event=ok  pair=AUDJPY  ym=201706  size=6440358  rows=1213744  sha=863000d1047c10b2
2026-05-20T00:26:25+00:00  event=ok  pair=AUDJPY  ym=201707  size=7050468  rows=1342772  sha=a98dccdacdfaa628
2026-05-20T00:26:48+00:00  event=ok  pair=AUDJPY  ym=201708  size=7000852  rows=1315956  sha=4b14420396895f90
2026-05-20T00:27:14+00:00  event=ok  pair=AUDJPY  ym=201709  size=7886108  rows=1516674  sha=15f78d378db86c7a
2026-05-20T00:27:52+00:00  event=ok  pair=AUDJPY  ym=201710  size=7685944  rows=1543907  sha=7d9765634806485e
2026-05-20T00:28:18+00:00  event=ok  pair=AUDJPY  ym=201711  size=7263819  rows=1461863  sha=ab2a3a0ad33cea1f
2026-05-20T00:28:39+00:00  event=ok  pair=AUDJPY  ym=201712  size=6003048  rows=1217954  sha=3e4a5020b328b11a
2026-05-20T00:29:08+00:00  event=ok  pair=AUDJPY  ym=201801  size=8829429  rows=1758593  sha=a249da941696d2e8
2026-05-20T00:30:08+00:00  event=ok  pair=AUDJPY  ym=201802  size=10202355  rows=1981641  sha=fa4041c434faadb6
2026-05-20T00:30:38+00:00  event=ok  pair=AUDJPY  ym=201803  size=9543276  rows=1850526  sha=a95bff90aa8b9efe
2026-05-20T00:31:00+00:00  event=ok  pair=AUDJPY  ym=201804  size=6446200  rows=1224433  sha=bbb4177935d7a727
2026-05-20T00:31:29+00:00  event=ok  pair=AUDJPY  ym=201805  size=8730941  rows=1617533  sha=0a744fc9982791c6
2026-05-20T00:31:51+00:00  event=ok  pair=AUDJPY  ym=201806  size=7091667  rows=1334830  sha=1fdf03cd1155069c
2026-05-20T00:32:18+00:00  event=ok  pair=AUDJPY  ym=201807  size=7547911  rows=1461637  sha=3ebb9fa7b45a72f2
2026-05-20T00:32:42+00:00  event=ok  pair=AUDJPY  ym=201808  size=7261254  rows=1388753  sha=fc0831705cf644fb
2026-05-20T00:33:02+00:00  event=ok  pair=AUDJPY  ym=201809  size=6188449  rows=1172141  sha=7ba5f1d4db6aa948
2026-05-20T00:33:34+00:00  event=ok  pair=AUDJPY  ym=201810  size=10168090  rows=1998970  sha=98d37f648abef6c6
2026-05-20T00:34:00+00:00  event=ok  pair=AUDJPY  ym=201811  size=7829718  rows=1514654  sha=72078f956b532958
2026-05-20T00:34:32+00:00  event=ok  pair=AUDJPY  ym=201812  size=11197044  rows=1982240  sha=526d6b1ddcdb31be
2026-05-20T00:34:34+00:00  event=session_rotate  reason=throttle_guard  files_since_rotate=50
2026-05-20T00:35:17+00:00  event=ok  pair=AUDJPY  ym=201901  size=15672020  rows=2616706  sha=75554cd7a6a608d8
2026-05-20T00:35:59+00:00  event=ok  pair=AUDJPY  ym=201902  size=11424878  rows=1924022  sha=318017d85860a14a
2026-05-20T00:36:31+00:00  event=ok  pair=AUDJPY  ym=201903  size=11907205  rows=2015283  sha=8d8876a0ba10247a
2026-05-20T00:36:59+00:00  event=ok  pair=AUDJPY  ym=201904  size=9819250  rows=1660681  sha=b5ea4ba257157ac0
2026-05-20T00:37:30+00:00  event=ok  pair=AUDJPY  ym=201905  size=11969635  rows=1961316  sha=4679c2d6e61d58cf
2026-05-20T00:38:28+00:00  event=ok  pair=AUDJPY  ym=201906  size=11509639  rows=1944445  sha=73a6dfa5afd8beb1
2026-05-20T00:38:54+00:00  event=ok  pair=AUDJPY  ym=201907  size=9194232  rows=1541297  sha=74b0d1b9017371bd
2026-05-20T00:39:38+00:00  event=ok  pair=AUDJPY  ym=201908  size=17156251  rows=2889786  sha=98dda0284a125707
2026-05-20T00:40:11+00:00  event=ok  pair=AUDJPY  ym=201909  size=12166642  rows=2064446  sha=84ad966d6b7896db
2026-05-20T00:40:43+00:00  event=ok  pair=AUDJPY  ym=201910  size=12439622  rows=2084819  sha=3a99c8b9040d5d39
2026-05-20T00:41:10+00:00  event=ok  pair=AUDJPY  ym=201911  size=8846693  rows=1468843  sha=addb3386e08d7c34
2026-05-20T00:41:37+00:00  event=ok  pair=AUDJPY  ym=201912  size=8212838  rows=1376092  sha=782795bf2029c6a4
2026-05-20T00:42:44+00:00  event=ok  pair=AUDJPY  ym=202001  size=11121561  rows=1852923  sha=cd4eccd8e026ceca
2026-05-20T00:43:19+00:00  event=ok  pair=AUDJPY  ym=202002  size=12324097  rows=2061673  sha=90d14092a31ff118
2026-05-20T00:46:57+00:00  event=ok  pair=AUDJPY  ym=202003  size=39660580  rows=6332571  sha=a7938728d884226d
2026-05-20T00:48:33+00:00  event=ok  pair=AUDJPY  ym=202004  size=19418583  rows=3164842  sha=e2f8e4f778cc72db
2026-05-20T00:49:10+00:00  event=ok  pair=AUDJPY  ym=202005  size=14193527  rows=2318140  sha=a344b89f746dca02
2026-05-20T00:50:25+00:00  event=ok  pair=AUDJPY  ym=202006  size=19928347  rows=3196306  sha=c348264f460f2a53
2026-05-20T00:51:13+00:00  event=ok  pair=AUDJPY  ym=202007  size=14262696  rows=2343022  sha=0cfbb805fb4d2074
2026-05-20T00:51:52+00:00  event=ok  pair=AUDJPY  ym=202008  size=13094205  rows=2169657  sha=b9aaf7093b0b8635
2026-05-20T00:52:30+00:00  event=ok  pair=AUDJPY  ym=202009  size=13654080  rows=2266276  sha=382cf9bd23409fea
2026-05-20T00:53:06+00:00  event=ok  pair=AUDJPY  ym=202010  size=12046160  rows=2032222  sha=8ce88c1b14d9c924
2026-05-20T00:53:48+00:00  event=ok  pair=AUDJPY  ym=202011  size=13508078  rows=2228589  sha=75d6a12294995cc3
2026-05-20T00:54:21+00:00  event=ok  pair=AUDJPY  ym=202012  size=12085922  rows=2032073  sha=190bd6463557dbee
2026-05-20T00:55:03+00:00  event=ok  pair=AUDJPY  ym=202101  size=14494915  rows=2460701  sha=7d74162c00c66690
2026-05-20T00:55:36+00:00  event=ok  pair=AUDJPY  ym=202102  size=11745807  rows=1999335  sha=546830e09417b18b
2026-05-20T00:56:39+00:00  event=ok  pair=AUDJPY  ym=202103  size=15521382  rows=2617122  sha=1afc67fb12757979
2026-05-20T00:57:39+00:00  event=ok  pair=AUDJPY  ym=202104  size=11121237  rows=1870122  sha=d6361cdf790683d8
2026-05-20T00:58:19+00:00  event=ok  pair=AUDJPY  ym=202105  size=11120391  rows=1874466  sha=044e19be15b3dba1
2026-05-20T00:58:50+00:00  event=ok  pair=AUDJPY  ym=202106  size=10562175  rows=1788000  sha=1721feffeac2090e
2026-05-20T01:00:01+00:00  event=ok  pair=AUDJPY  ym=202107  size=13221299  rows=2234267  sha=368f2d89e41ea6cd
2026-05-20T01:00:30+00:00  event=ok  pair=AUDJPY  ym=202108  size=9991445  rows=1671889  sha=9e9df35474e9a364
2026-05-20T01:01:09+00:00  event=ok  pair=AUDJPY  ym=202109  size=12259047  rows=2057724  sha=3219fd40b51feee8
2026-05-20T01:01:51+00:00  event=ok  pair=AUDJPY  ym=202110  size=13775381  rows=2328614  sha=be001eaf3e77cfa7
2026-05-20T01:02:32+00:00  event=ok  pair=AUDJPY  ym=202111  size=15085494  rows=2542311  sha=e387b1692167251b
2026-05-20T01:03:09+00:00  event=ok  pair=AUDJPY  ym=202112  size=13338969  rows=2253745  sha=0a2a9b209ce94504
2026-05-20T01:04:24+00:00  event=ok  pair=AUDJPY  ym=202201  size=15109229  rows=2522322  sha=7bc8a306955b175a
2026-05-20T01:05:12+00:00  event=ok  pair=AUDJPY  ym=202202  size=18185324  rows=3051569  sha=55d0d4675f1d2716
2026-05-20T01:06:32+00:00  event=ok  pair=AUDJPY  ym=202203  size=22554813  rows=3754916  sha=ec05e0e487825b18
2026-05-20T01:07:28+00:00  event=ok  pair=AUDJPY  ym=202204  size=21754536  rows=3628719  sha=317caccf55ba39ff
2026-05-20T01:10:01+00:00  event=ok  pair=AUDJPY  ym=202205  size=27130267  rows=4460094  sha=3b4934f45704debc
2026-05-20T01:11:12+00:00  event=ok  pair=AUDJPY  ym=202206  size=28138331  rows=4686377  sha=eeb9bf4701a317e3
2026-05-20T01:12:20+00:00  event=ok  pair=AUDJPY  ym=202207  size=26870485  rows=4506104  sha=8ee373a02370aeae
2026-05-20T01:14:00+00:00  event=ok  pair=AUDJPY  ym=202208  size=25545845  rows=4336097  sha=6c20ae71fb816ed4
2026-05-20T01:15:28+00:00  event=ok  pair=AUDJPY  ym=202209  size=32355704  rows=5537862  sha=d269327051175e45
2026-05-20T01:16:46+00:00  event=ok  pair=AUDJPY  ym=202210  size=31099630  rows=5305012  sha=d764814cf87641f9
2026-05-20T01:17:55+00:00  event=ok  pair=AUDJPY  ym=202211  size=26891367  rows=4668334  sha=068a9354daf81d6e
2026-05-20T01:19:05+00:00  event=ok  pair=AUDJPY  ym=202212  size=24437807  rows=4145249  sha=225bedb4edf3c819
2026-05-20T01:20:27+00:00  event=ok  pair=AUDJPY  ym=202301  size=26847990  rows=4496072  sha=c5006ea13c0f1952
2026-05-20T01:21:17+00:00  event=ok  pair=AUDJPY  ym=202302  size=19795605  rows=3299698  sha=b301b6081537503b
2026-05-20T01:21:19+00:00  event=session_rotate  reason=throttle_guard  files_since_rotate=50
2026-05-20T01:22:06+00:00  event=ok  pair=AUDJPY  ym=202303  size=19820769  rows=3249558  sha=f6a2b131c82de3d3
2026-05-20T01:22:36+00:00  event=ok  pair=AUDJPY  ym=202304  size=11185161  rows=1808915  sha=57054ab858ca042d
2026-05-20T01:23:06+00:00  event=ok  pair=AUDJPY  ym=202305  size=11354174  rows=1804487  sha=5704b4059c981612
2026-05-20T01:23:33+00:00  event=ok  pair=AUDJPY  ym=202306  size=10453810  rows=1645155  sha=6359b978d1e68828
2026-05-20T01:24:05+00:00  event=ok  pair=AUDJPY  ym=202307  size=12762795  rows=2018268  sha=53491ce575c061f9
2026-05-20T01:24:46+00:00  event=ok  pair=AUDJPY  ym=202308  size=16861137  rows=2660686  sha=b0a5b2f46c460937
2026-05-20T01:25:31+00:00  event=ok  pair=AUDJPY  ym=202309  size=12767250  rows=2013171  sha=9704f9e63fdb469f
2026-05-20T01:26:07+00:00  event=ok  pair=AUDJPY  ym=202310  size=14564567  rows=2316649  sha=ef65f51648af3a94
2026-05-20T01:27:40+00:00  event=ok  pair=AUDJPY  ym=202311  size=13314993  rows=2139571  sha=f433b6dd7f9dc0e2
2026-05-20T01:28:51+00:00  event=ok  pair=AUDJPY  ym=202312  size=16135366  rows=2609508  sha=88f983bd61d94785
2026-05-20T01:29:30+00:00  event=ok  pair=AUDJPY  ym=202401  size=16085923  rows=2587050  sha=58e356dbdb4592d1
2026-05-20T01:30:02+00:00  event=ok  pair=AUDJPY  ym=202402  size=12145300  rows=1982564  sha=3c366ee3a1de38bd
2026-05-20T01:30:36+00:00  event=ok  pair=AUDJPY  ym=202403  size=11288814  rows=1815919  sha=eaeb621903084350
2026-05-20T01:31:13+00:00  event=ok  pair=AUDJPY  ym=202404  size=12927922  rows=2018980  sha=83ebb00ef9d387cf
2026-05-20T01:31:43+00:00  event=ok  pair=AUDJPY  ym=202405  size=11590522  rows=1803131  sha=bcae0e4ca41e4725
2026-05-20T01:32:13+00:00  event=ok  pair=AUDJPY  ym=202406  size=11091094  rows=1740727  sha=46c311dde3b54ae5
2026-05-20T01:32:52+00:00  event=ok  pair=AUDJPY  ym=202407  size=16134151  rows=2520365  sha=768c89739c92f596
2026-05-20T01:33:46+00:00  event=ok  pair=AUDJPY  ym=202408  size=23723401  rows=3656194  sha=95135f96dfa17af9
2026-05-20T01:34:32+00:00  event=ok  pair=AUDJPY  ym=202409  size=19810210  rows=3086316  sha=f4459cd66ee7b4a3
2026-05-20T01:35:16+00:00  event=ok  pair=AUDJPY  ym=202410  size=17503826  rows=2765874  sha=dbf41f32433ea276
2026-05-20T01:36:15+00:00  event=ok  pair=AUDJPY  ym=202411  size=21814021  rows=3567278  sha=8a38963fa778ef27
2026-05-20T01:37:01+00:00  event=ok  pair=AUDJPY  ym=202412  size=17348192  rows=2821251  sha=85e1c0984135eafd
2026-05-20T01:37:47+00:00  event=ok  pair=AUDJPY  ym=202501  size=18693589  rows=3029488  sha=035709b174ebc21c
2026-05-20T01:39:08+00:00  event=ok  pair=AUDJPY  ym=202502  size=16834073  rows=2725476  sha=b264d193956bc5c6
2026-05-20T01:40:20+00:00  event=ok  pair=AUDJPY  ym=202503  size=20071052  rows=3185290  sha=ef70331874447b01
2026-05-20T01:41:43+00:00  event=ok  pair=AUDJPY  ym=202504  size=35948892  rows=5639763  sha=a479fcc23e2d2647
2026-05-20T01:43:21+00:00  event=ok  pair=AUDJPY  ym=202505  size=16831249  rows=2660311  sha=4ee3a6b4863fa8be
2026-05-20T01:44:04+00:00  event=ok  pair=AUDJPY  ym=202506  size=14530580  rows=2285483  sha=4326fa14e27ff178
2026-05-20T01:44:41+00:00  event=ok  pair=AUDJPY  ym=202507  size=13777153  rows=2170310  sha=8f713b2b203bd082
2026-05-20T01:45:11+00:00  event=ok  pair=AUDJPY  ym=202508  size=10910207  rows=1723110  sha=532e87e0d009e5af
2026-05-20T01:45:41+00:00  event=ok  pair=AUDJPY  ym=202509  size=11608396  rows=1858701  sha=a96e9ab3f072f9bd
2026-05-20T01:46:28+00:00  event=ok  pair=AUDJPY  ym=202510  size=14459746  rows=2284988  sha=0d4aef0113f9e5a1
2026-05-20T01:47:29+00:00  event=ok  pair=AUDJPY  ym=202511  size=13464640  rows=2140999  sha=4095d98ddb967eb6
2026-05-20T01:47:59+00:00  event=ok  pair=AUDJPY  ym=202512  size=11661509  rows=1856224  sha=0c2d9d0dab3508d4
2026-05-20T01:48:36+00:00  event=ok  pair=AUDJPY  ym=202601  size=14532359  rows=2303103  sha=6b1ca11ec7ab6a23
2026-05-20T01:49:18+00:00  event=ok  pair=AUDJPY  ym=202602  size=17062399  rows=2661569  sha=6868a253bc8bd1be
2026-05-20T01:51:04+00:00  event=ok  pair=AUDJPY  ym=202603  size=26959169  rows=4317405  sha=df8061f377430a7c
2026-05-20T01:51:23+00:00  event=ok  pair=AUDJPY  ym=202604  size=6425412  rows=1040444  sha=3def15b4d0883eea
2026-05-20T01:51:25+00:00  event=pair_done  pair=AUDJPY  done=588  total=5488  elapsed_s=11958  eta_s=99653
2026-05-20T01:51:37+00:00  event=ok  pair=AUDNZD  ym=201001  size=2479369  rows=627483  sha=90e73a3c6b24e79c
2026-05-20T01:51:49+00:00  event=ok  pair=AUDNZD  ym=201002  size=2629842  rows=670455  sha=0bdf94cae446f7a8
2026-05-20T01:52:03+00:00  event=ok  pair=AUDNZD  ym=201003  size=2629733  rows=695185  sha=cb5668f5ee60b712
2026-05-20T01:52:16+00:00  event=ok  pair=AUDNZD  ym=201004  size=2413416  rows=660671  sha=1001863055bf8589
2026-05-20T01:52:34+00:00  event=ok  pair=AUDNZD  ym=201005  size=3895499  rows=1011851  sha=b22cfcda9f8a982d
2026-05-20T01:52:50+00:00  event=ok  pair=AUDNZD  ym=201006  size=3422053  rows=887106  sha=3ba7b384516fb642
2026-05-20T01:53:04+00:00  event=ok  pair=AUDNZD  ym=201007  size=2809231  rows=734494  sha=cdf190473d7faeaf
2026-05-20T01:53:18+00:00  event=ok  pair=AUDNZD  ym=201008  size=2648098  rows=690046  sha=ecea8051686ada04
2026-05-20T01:53:30+00:00  event=ok  pair=AUDNZD  ym=201009  size=2490385  rows=657105  sha=bd357ad0578afb4d
2026-05-20T01:53:43+00:00  event=ok  pair=AUDNZD  ym=201010  size=2389330  rows=636910  sha=0b9af083acd9dbb8
2026-05-20T01:53:56+00:00  event=ok  pair=AUDNZD  ym=201011  size=2599573  rows=687927  sha=ca5097f0f61348f4
2026-05-20T01:54:07+00:00  event=ok  pair=AUDNZD  ym=201012  size=1913528  rows=497402  sha=094bb891407b7076
2026-05-20T01:54:09+00:00  event=session_rotate  reason=throttle_guard  files_since_rotate=50
2026-05-20T01:54:20+00:00  event=ok  pair=AUDNZD  ym=201101  size=2218508  rows=584705  sha=82aacfa86d3a6913
2026-05-20T01:54:33+00:00  event=ok  pair=AUDNZD  ym=201102  size=2118457  rows=568909  sha=5501118068176cb3
2026-05-20T01:54:54+00:00  event=ok  pair=AUDNZD  ym=201103  size=2600538  rows=683040  sha=458e0cce782b5e81
2026-05-20T01:55:06+00:00  event=ok  pair=AUDNZD  ym=201104  size=2237296  rows=528496  sha=7838f2811b789207
2026-05-20T01:55:20+00:00  event=ok  pair=AUDNZD  ym=201105  size=3623325  rows=673382  sha=f1d6a90a59a7433d
2026-05-20T01:55:36+00:00  event=ok  pair=AUDNZD  ym=201106  size=3747135  rows=712565  sha=d666fa209a58177a
2026-05-20T01:55:55+00:00  event=ok  pair=AUDNZD  ym=201107  size=3537663  rows=667246  sha=fb3d2107e48e835f
2026-05-20T01:56:26+00:00  event=ok  pair=AUDNZD  ym=201108  size=4841693  rows=918010  sha=3c5bd000ac3ac32d
2026-05-20T01:56:43+00:00  event=ok  pair=AUDNZD  ym=201109  size=4474783  rows=840970  sha=97f93b991d2f63a8
2026-05-20T01:56:57+00:00  event=ok  pair=AUDNZD  ym=201110  size=4130859  rows=792553  sha=bebb6469374c4d97
2026-05-20T01:57:13+00:00  event=ok  pair=AUDNZD  ym=201111  size=4494227  rows=868259  sha=10d1be118cc47a3d
2026-05-20T01:57:30+00:00  event=ok  pair=AUDNZD  ym=201112  size=5589383  rows=973421  sha=a0d2c1020bb87b6f
2026-05-20T01:57:53+00:00  event=ok  pair=AUDNZD  ym=201201  size=5713397  rows=993753  sha=1843e5a4d95e2f7e
2026-05-20T01:58:17+00:00  event=ok  pair=AUDNZD  ym=201202  size=8377536  rows=1548925  sha=cb99b5b78b7c4f8a
2026-05-20T01:58:38+00:00  event=ok  pair=AUDNZD  ym=201203  size=6640050  rows=1182185  sha=cbf1df73e8aff127
2026-05-20T01:58:59+00:00  event=ok  pair=AUDNZD  ym=201204  size=6076483  rows=1090043  sha=9bcea19f2bc2fc5f
2026-05-20T01:59:24+00:00  event=ok  pair=AUDNZD  ym=201205  size=7461625  rows=1330086  sha=38b0de353823ff4e
2026-05-20T01:59:47+00:00  event=ok  pair=AUDNZD  ym=201206  size=6689888  rows=1212403  sha=24b98a2eb8ee8af8
2026-05-20T02:00:06+00:00  event=ok  pair=AUDNZD  ym=201207  size=5764217  rows=1029644  sha=45a8ebe20490a644
2026-05-20T02:00:19+00:00  event=ok  pair=AUDNZD  ym=201208  size=3365680  rows=574725  sha=62c404acdb8fabd7
2026-05-20T02:00:32+00:00  event=ok  pair=AUDNZD  ym=201209  size=4109780  rows=705575  sha=ee9cb178a01b54a3
2026-05-20T02:00:48+00:00  event=ok  pair=AUDNZD  ym=201210  size=4933193  rows=863852  sha=9662dd33904a9bf5
2026-05-20T02:01:02+00:00  event=ok  pair=AUDNZD  ym=201211  size=4332598  rows=756606  sha=626ad9488d9d2a98
2026-05-20T02:01:13+00:00  event=ok  pair=AUDNZD  ym=201212  size=3220844  rows=552860  sha=2c261df365e988c5
2026-05-20T02:01:27+00:00  event=ok  pair=AUDNZD  ym=201301  size=4351173  rows=741449  sha=496317081f3dd24c
2026-05-20T02:01:40+00:00  event=ok  pair=AUDNZD  ym=201302  size=3808899  rows=640056  sha=6142e2d8cda7d1b7
2026-05-20T02:01:52+00:00  event=ok  pair=AUDNZD  ym=201303  size=3665189  rows=619704  sha=24c8137cdd2a9ba6
2026-05-20T02:02:05+00:00  event=ok  pair=AUDNZD  ym=201304  size=4067711  rows=686159  sha=3d31c5e8241a71d6
2026-05-20T02:02:22+00:00  event=ok  pair=AUDNZD  ym=201305  size=5766684  rows=976464  sha=2a1c368120f9054f
2026-05-20T02:02:41+00:00  event=ok  pair=AUDNZD  ym=201306  size=6999923  rows=1192799  sha=2c69c03c4980b689
2026-05-20T02:03:07+00:00  event=ok  pair=AUDNZD  ym=201307  size=6695100  rows=1143278  sha=d16c33e1b30e9b34
2026-05-20T02:03:25+00:00  event=ok  pair=AUDNZD  ym=201308  size=5886135  rows=989772  sha=0059c73dd09f5d5b
2026-05-20T02:03:39+00:00  event=ok  pair=AUDNZD  ym=201309  size=4514813  rows=768313  sha=6f33540c4b1adf7f
2026-05-20T02:03:52+00:00  event=ok  pair=AUDNZD  ym=201310  size=4333121  rows=732564  sha=f2932d0066e0a1ff
2026-05-20T02:04:04+00:00  event=ok  pair=AUDNZD  ym=201311  size=3938615  rows=659355  sha=b468ae1e3a65a410
2026-05-20T02:04:16+00:00  event=ok  pair=AUDNZD  ym=201312  size=3483156  rows=582295  sha=22f2cf4083aa9d64
2026-05-20T02:04:30+00:00  event=ok  pair=AUDNZD  ym=201401  size=4723539  rows=800700  sha=b69bea95cf5becfa
2026-05-20T02:04:43+00:00  event=ok  pair=AUDNZD  ym=201402  size=3666364  rows=616814  sha=2c2148ee355d9927
2026-05-20T02:04:54+00:00  event=ok  pair=AUDNZD  ym=201403  size=3566158  rows=605586  sha=1d9874423d81e8a7
2026-05-20T02:05:05+00:00  event=ok  pair=AUDNZD  ym=201404  size=2975712  rows=501122  sha=45e0f082c942b3cb
2026-05-20T02:05:15+00:00  event=ok  pair=AUDNZD  ym=201405  size=2974696  rows=504720  sha=530d781b1c19f456
2026-05-20T02:05:24+00:00  event=ok  pair=AUDNZD  ym=201406  size=2448472  rows=416588  sha=459fe0ca1564b427
2026-05-20T02:05:35+00:00  event=ok  pair=AUDNZD  ym=201407  size=2850924  rows=501482  sha=353aafa795f82df9
2026-05-20T02:05:46+00:00  event=ok  pair=AUDNZD  ym=201408  size=2896627  rows=572013  sha=593f05cf582ed744
2026-05-20T02:06:01+00:00  event=ok  pair=AUDNZD  ym=201409  size=4098008  rows=805371  sha=3c377e44841c39ff
2026-05-20T02:06:16+00:00  event=ok  pair=AUDNZD  ym=201410  size=5142198  rows=868624  sha=a1b59f3b2022adde
2026-05-20T02:06:30+00:00  event=ok  pair=AUDNZD  ym=201411  size=4145391  rows=713728  sha=d1a4412b7bc7e452
2026-05-20T02:06:42+00:00  event=ok  pair=AUDNZD  ym=201412  size=3653062  rows=617799  sha=d87e5790d32d112e
2026-05-20T02:06:56+00:00  event=ok  pair=AUDNZD  ym=201501  size=4685903  rows=782216  sha=a01565fedcf5665f
2026-05-20T02:07:11+00:00  event=ok  pair=AUDNZD  ym=201502  size=4616697  rows=800277  sha=bd5b5101e6b62d49
2026-05-20T02:07:13+00:00  event=session_rotate  reason=throttle_guard  files_since_rotate=50
2026-05-20T02:07:29+00:00  event=ok  pair=AUDNZD  ym=201503  size=5344602  rows=949924  sha=42a44cb69ad6ed9c
2026-05-20T02:07:44+00:00  event=ok  pair=AUDNZD  ym=201504  size=4849178  rows=870117  sha=dcde907ebea56583
2026-05-20T02:08:03+00:00  event=ok  pair=AUDNZD  ym=201505  size=6047651  rows=1103549  sha=aa3e8f1d412efbaf
2026-05-20T02:08:23+00:00  event=ok  pair=AUDNZD  ym=201506  size=6138495  rows=1119177  sha=61ceb4fb8ca9aec5
2026-05-20T02:08:46+00:00  event=ok  pair=AUDNZD  ym=201507  size=5887516  rows=1039905  sha=e5beca1eeb5a009a
2026-05-20T02:09:13+00:00  event=ok  pair=AUDNZD  ym=201508  size=6315360  rows=1103689  sha=27d8247297c83d5f
2026-05-20T02:09:48+00:00  event=ok  pair=AUDNZD  ym=201509  size=6145123  rows=1073874  sha=33e0bc957874a1c1
2026-05-20T02:10:05+00:00  event=ok  pair=AUDNZD  ym=201510  size=4964602  rows=858178  sha=78872ddf0f86a3a6
2026-05-20T02:10:21+00:00  event=ok  pair=AUDNZD  ym=201511  size=5230258  rows=951865  sha=b580b5bdc21c1369
2026-05-20T02:10:38+00:00  event=ok  pair=AUDNZD  ym=201512  size=5422055  rows=988035  sha=f37ad5ba4807c780
2026-05-20T02:10:58+00:00  event=ok  pair=AUDNZD  ym=201601  size=6397183  rows=1144438  sha=e22bb7fcc94d065c
2026-05-20T02:11:17+00:00  event=ok  pair=AUDNZD  ym=201602  size=6066977  rows=1099399  sha=c00be654847345cf
2026-05-20T02:11:43+00:00  event=ok  pair=AUDNZD  ym=201603  size=6023189  rows=1077434  sha=26fc6b0525e2e9d7
2026-05-20T02:11:59+00:00  event=ok  pair=AUDNZD  ym=201604  size=4521746  rows=776506  sha=b511cbbd972c4bcf
2026-05-20T02:12:12+00:00  event=ok  pair=AUDNZD  ym=201605  size=4078141  rows=698504  sha=cfbacf85c17dff7f
2026-05-20T02:12:27+00:00  event=ok  pair=AUDNZD  ym=201606  size=4578587  rows=787166  sha=f2bab5e739e9d5d0
2026-05-20T02:12:39+00:00  event=ok  pair=AUDNZD  ym=201607  size=3524456  rows=606660  sha=d01abf8afa989d06
2026-05-20T02:12:50+00:00  event=ok  pair=AUDNZD  ym=201608  size=3138509  rows=548709  sha=ba2515bde732362e
2026-05-20T02:13:02+00:00  event=ok  pair=AUDNZD  ym=201609  size=3483102  rows=614092  sha=054a108e11c12777
2026-05-20T02:13:14+00:00  event=ok  pair=AUDNZD  ym=201610  size=3622527  rows=644697  sha=a057ce8916bf3a5a
2026-05-20T02:13:34+00:00  event=ok  pair=AUDNZD  ym=201611  size=6653369  rows=1212015  sha=2136a244396735cb
2026-05-20T02:13:52+00:00  event=ok  pair=AUDNZD  ym=201612  size=3790254  rows=685588  sha=ae781c6c87baa98d
2026-05-20T02:14:22+00:00  event=ok  pair=AUDNZD  ym=201701  size=5913835  rows=1122573  sha=15843bba49568a35
2026-05-20T02:14:58+00:00  event=ok  pair=AUDNZD  ym=201702  size=6586849  rows=1277935  sha=e4971e03770d1d1f
2026-05-20T02:15:41+00:00  event=ok  pair=AUDNZD  ym=201703  size=7165852  rows=1369535  sha=5361597bfde71f3e
2026-05-20T02:16:04+00:00  event=ok  pair=AUDNZD  ym=201704  size=5399291  rows=1038287  sha=ed5516331ea5b10f
2026-05-20T02:16:27+00:00  event=ok  pair=AUDNZD  ym=201705  size=6282967  rows=1198614  sha=e5b1f565d7935f19
2026-05-20T02:16:51+00:00  event=ok  pair=AUDNZD  ym=201706  size=6232356  rows=1219835  sha=8c585b2022fa7972
2026-05-20T02:17:16+00:00  event=ok  pair=AUDNZD  ym=201707  size=7092607  rows=1388214  sha=e40dc9bbca93af93
2026-05-20T02:17:41+00:00  event=ok  pair=AUDNZD  ym=201708  size=7187393  rows=1412038  sha=814c286779e716d7
2026-05-20T02:18:00+00:00  event=ok  pair=AUDNZD  ym=201709  size=5109083  rows=926598  sha=70bf96b8e16b4233
2026-05-20T02:18:18+00:00  event=ok  pair=AUDNZD  ym=201710  size=4785587  rows=867246  sha=b46a6a718bca2127
2026-05-20T02:18:39+00:00  event=ok  pair=AUDNZD  ym=201711  size=4581277  rows=842484  sha=97e3de5b4e3a75b7
2026-05-20T02:18:52+00:00  event=ok  pair=AUDNZD  ym=201712  size=3427570  rows=626295  sha=0fde14c79890f238
2026-05-20T02:19:10+00:00  event=ok  pair=AUDNZD  ym=201801  size=5332132  rows=978008  sha=f9ee15ede108acaf
2026-05-20T02:19:27+00:00  event=ok  pair=AUDNZD  ym=201802  size=5341517  rows=957549  sha=3b3044b79d654428
2026-05-20T02:19:44+00:00  event=ok  pair=AUDNZD  ym=201803  size=5471966  rows=1011073  sha=e7d50dc1ce812cc5
2026-05-20T02:20:04+00:00  event=ok  pair=AUDNZD  ym=201804  size=4156347  rows=764108  sha=5186fcdfbd80fa01
2026-05-20T02:20:24+00:00  event=ok  pair=AUDNZD  ym=201805  size=6051199  rows=1103146  sha=a4206642120ece97
2026-05-20T02:20:43+00:00  event=ok  pair=AUDNZD  ym=201806  size=4584240  rows=836706  sha=8d4f7ccbfd5eb00e
2026-05-20T02:21:19+00:00  event=ok  pair=AUDNZD  ym=201807  size=4608546  rows=839088  sha=7d04b8034c221ab3
2026-05-20T02:21:34+00:00  event=ok  pair=AUDNZD  ym=201808  size=4665953  rows=843191  sha=26b6eebc40c4db38
2026-05-20T02:21:49+00:00  event=ok  pair=AUDNZD  ym=201809  size=4709263  rows=869607  sha=4dd14a9535f0d369
2026-05-20T02:22:09+00:00  event=ok  pair=AUDNZD  ym=201810  size=6859265  rows=1315731  sha=ca9b1b4d8972186b
2026-05-20T02:22:31+00:00  event=ok  pair=AUDNZD  ym=201811  size=6692340  rows=1274431  sha=c361fa1559c1e6e8
2026-05-20T02:23:20+00:00  event=ok  pair=AUDNZD  ym=201812  size=11777984  rows=2088376  sha=092fd3b945827d1b
2026-05-20T02:24:09+00:00  event=ok  pair=AUDNZD  ym=201901  size=20215365  rows=3523327  sha=bf1c545ad0511a3b
2026-05-20T02:24:53+00:00  event=ok  pair=AUDNZD  ym=201902  size=16788674  rows=2919320  sha=e773d329bd94c4cb
2026-05-20T02:25:28+00:00  event=ok  pair=AUDNZD  ym=201903  size=14476324  rows=2462708  sha=065239075c541891
2026-05-20T02:26:01+00:00  event=ok  pair=AUDNZD  ym=201904  size=13112462  rows=2220831  sha=6fc3b9fc601ecb4a
2026-05-20T02:26:03+00:00  event=session_rotate  reason=throttle_guard  files_since_rotate=50
2026-05-20T02:26:35+00:00  event=ok  pair=AUDNZD  ym=201905  size=12162774  rows=2055654  sha=dc8ffd4e37aa4807
2026-05-20T02:27:34+00:00  event=ok  pair=AUDNZD  ym=201906  size=12209311  rows=2099800  sha=621b684e08924325
2026-05-20T02:28:07+00:00  event=ok  pair=AUDNZD  ym=201907  size=10654691  rows=1824297  sha=b7d660dc3b04b1df
2026-05-20T02:29:22+00:00  event=ok  pair=AUDNZD  ym=201908  size=14738195  rows=2511863  sha=618ad20bd0f1db3a
2026-05-20T02:30:07+00:00  event=ok  pair=AUDNZD  ym=201909  size=11583305  rows=1969720  sha=fb721a993874ac13
2026-05-20T02:30:44+00:00  event=ok  pair=AUDNZD  ym=201910  size=14264104  rows=2448871  sha=d40fd129f2572dae
2026-05-20T02:31:17+00:00  event=ok  pair=AUDNZD  ym=201911  size=9961113  rows=1693473  sha=a236251f04de7f14
2026-05-20T02:31:47+00:00  event=ok  pair=AUDNZD  ym=201912  size=9164388  rows=1574862  sha=40acf7c329b37834
2026-05-20T02:32:16+00:00  event=ok  pair=AUDNZD  ym=202001  size=10913672  rows=1865065  sha=07d73836e1f5a3e3
2026-05-20T02:33:00+00:00  event=ok  pair=AUDNZD  ym=202002  size=11217288  rows=1890236  sha=97eba2913381880c
2026-05-20T02:35:49+00:00  event=ok  pair=AUDNZD  ym=202003  size=35357336  rows=5710778  sha=70349aea71886644
2026-05-20T02:36:32+00:00  event=ok  pair=AUDNZD  ym=202004  size=17681887  rows=2861511  sha=598a195ef353b14a
2026-05-20T02:37:13+00:00  event=ok  pair=AUDNZD  ym=202005  size=14111147  rows=2317754  sha=c061fafe716ec0e6
2026-05-20T02:38:09+00:00  event=ok  pair=AUDNZD  ym=202006  size=21552532  rows=3666837  sha=e6609fa4bb2c6cab
2026-05-20T02:38:54+00:00  event=ok  pair=AUDNZD  ym=202007  size=16943465  rows=2829323  sha=43a2a966b0c79b72
2026-05-20T02:39:56+00:00  event=ok  pair=AUDNZD  ym=202008  size=13493973  rows=2197289  sha=0d2c32060221cf8d
2026-05-20T02:40:33+00:00  event=ok  pair=AUDNZD  ym=202009  size=13798466  rows=2195195  sha=fb84b49a08b250f7
2026-05-20T02:41:31+00:00  event=ok  pair=AUDNZD  ym=202010  size=12889761  rows=2067493  sha=956dc435495ae41b
2026-05-20T02:42:24+00:00  event=ok  pair=AUDNZD  ym=202011  size=13515384  rows=2150659  sha=ec7af7a980e48821
2026-05-20T02:43:05+00:00  event=ok  pair=AUDNZD  ym=202012  size=11574268  rows=1859906  sha=955a54487426c44c
2026-05-20T02:43:43+00:00  event=ok  pair=AUDNZD  ym=202101  size=14759694  rows=2416324  sha=e3d389b9e6faba75
2026-05-20T02:44:14+00:00  event=ok  pair=AUDNZD  ym=202102  size=12382375  rows=2017573  sha=e9aefdda6b3d3db4
2026-05-20T02:44:54+00:00  event=ok  pair=AUDNZD  ym=202103  size=14132595  rows=2292327  sha=1413dabab6e32a1f
2026-05-20T02:45:18+00:00  event=ok  pair=AUDNZD  ym=202104  size=8712573  rows=1391920  sha=6929b1b4d1507b37
2026-05-20T02:45:41+00:00  event=ok  pair=AUDNZD  ym=202105  size=8861113  rows=1431048  sha=61ef653690eeb9fc
2026-05-20T02:46:05+00:00  event=ok  pair=AUDNZD  ym=202106  size=8344725  rows=1351520  sha=5149debb6bc20e40
2026-05-20T02:46:32+00:00  event=ok  pair=AUDNZD  ym=202107  size=10233456  rows=1668631  sha=9a5451a40d7e2b35
2026-05-20T02:46:54+00:00  event=ok  pair=AUDNZD  ym=202108  size=8290765  rows=1322636  sha=7446e96660c8b73f
2026-05-20T02:47:20+00:00  event=ok  pair=AUDNZD  ym=202109  size=9818867  rows=1607349  sha=c62a85e741e6fc4d
2026-05-20T02:47:45+00:00  event=ok  pair=AUDNZD  ym=202110  size=9755870  rows=1609349  sha=0c12e2890a69bf17
2026-05-20T02:48:12+00:00  event=ok  pair=AUDNZD  ym=202111  size=10547103  rows=1716554  sha=219fef13b19615ca
2026-05-20T02:48:46+00:00  event=ok  pair=AUDNZD  ym=202112  size=11119816  rows=1825906  sha=477ee12ca81be924
2026-05-20T02:49:24+00:00  event=ok  pair=AUDNZD  ym=202201  size=11987157  rows=1990387  sha=d43210d0effd5c9a
2026-05-20T02:50:05+00:00  event=ok  pair=AUDNZD  ym=202202  size=15676311  rows=2649054  sha=60549900a73ee106
2026-05-20T02:50:52+00:00  event=ok  pair=AUDNZD  ym=202203  size=16715301  rows=2812988  sha=303277535758a8c3
2026-05-20T02:51:31+00:00  event=ok  pair=AUDNZD  ym=202204  size=15191366  rows=2526914  sha=0172f53cfdbb61c0
2026-05-20T02:52:32+00:00  event=ok  pair=AUDNZD  ym=202205  size=22307990  rows=3767177  sha=065217665c63e889
2026-05-20T02:53:23+00:00  event=ok  pair=AUDNZD  ym=202206  size=20652277  rows=3513603  sha=085823b93f774822
2026-05-20T02:55:06+00:00  event=ok  pair=AUDNZD  ym=202207  size=20743865  rows=3521305  sha=19890645bfad32fd
2026-05-20T02:55:45+00:00  event=ok  pair=AUDNZD  ym=202208  size=16261755  rows=2726762  sha=3341b2f8bbb022c1
2026-05-20T02:56:29+00:00  event=ok  pair=AUDNZD  ym=202209  size=17680166  rows=3043575  sha=6843158325211457
2026-05-20T02:57:14+00:00  event=ok  pair=AUDNZD  ym=202210  size=18930755  rows=3255296  sha=8cdded12e1667acd
2026-05-20T02:57:52+00:00  event=ok  pair=AUDNZD  ym=202211  size=15262712  rows=2600753  sha=bba49192c675c1bd
2026-05-20T02:58:32+00:00  event=ok  pair=AUDNZD  ym=202212  size=16912074  rows=2788160  sha=efbc99ff55a3de92
2026-05-20T02:59:17+00:00  event=ok  pair=AUDNZD  ym=202301  size=19910078  rows=3208510  sha=5278aabc0eb95e05
2026-05-20T02:59:56+00:00  event=ok  pair=AUDNZD  ym=202302  size=16392492  rows=2658353  sha=e8451bcaec314f60
2026-05-20T03:00:32+00:00  event=ok  pair=AUDNZD  ym=202303  size=15072576  rows=2471476  sha=142e58130f7d79ab
2026-05-20T03:00:56+00:00  event=ok  pair=AUDNZD  ym=202304  size=9177429  rows=1482342  sha=ebb9ddbcf4ad70e4
2026-05-20T03:01:22+00:00  event=ok  pair=AUDNZD  ym=202305  size=10307470  rows=1659002  sha=8b9316dba023541a
2026-05-20T03:01:46+00:00  event=ok  pair=AUDNZD  ym=202306  size=9770562  rows=1560788  sha=104fe7bb1cc6e1d3
2026-05-20T03:01:48+00:00  event=session_rotate  reason=throttle_guard  files_since_rotate=50
2026-05-20T03:02:13+00:00  event=ok  pair=AUDNZD  ym=202307  size=10811232  rows=1733868  sha=ee6326c137633444
2026-05-20T03:02:47+00:00  event=ok  pair=AUDNZD  ym=202308  size=14924116  rows=2379443  sha=152bf06c67108dee
2026-05-20T03:03:18+00:00  event=ok  pair=AUDNZD  ym=202309  size=12646170  rows=2046690  sha=f8ed8164b654b5a6
2026-05-20T03:03:54+00:00  event=ok  pair=AUDNZD  ym=202310  size=15473039  rows=2532715  sha=31c4b7829577af85
2026-05-20T03:04:25+00:00  event=ok  pair=AUDNZD  ym=202311  size=12625152  rows=2035213  sha=2f2571051aa3e671
2026-05-20T03:05:16+00:00  event=ok  pair=AUDNZD  ym=202312  size=12656676  rows=2059115  sha=d1d1680edef281b4
2026-05-20T03:05:49+00:00  event=ok  pair=AUDNZD  ym=202401  size=13937752  rows=2265102  sha=f04d945a680c416a
2026-05-20T03:06:14+00:00  event=ok  pair=AUDNZD  ym=202402  size=10199387  rows=1644698  sha=5f6c338246d2aefd
2026-05-20T03:06:36+00:00  event=ok  pair=AUDNZD  ym=202403  size=8652587  rows=1387408  sha=3b11b05b84c57ef1
2026-05-20T03:07:02+00:00  event=ok  pair=AUDNZD  ym=202404  size=10297417  rows=1660357  sha=3963e8b17257da50
2026-05-20T03:07:23+00:00  event=ok  pair=AUDNZD  ym=202405  size=8165287  rows=1299103  sha=92d8bd14fdecf04c
2026-05-20T03:07:40+00:00  event=ok  pair=AUDNZD  ym=202406  size=6159428  rows=960228  sha=25cbb95547b98791
2026-05-20T03:07:59+00:00  event=ok  pair=AUDNZD  ym=202407  size=7628669  rows=1182318  sha=2ea37d584c80d073
2026-05-20T03:08:23+00:00  event=ok  pair=AUDNZD  ym=202408  size=10276641  rows=1591293  sha=ad83c034c1827640
2026-05-20T03:08:45+00:00  event=ok  pair=AUDNZD  ym=202409  size=8228621  rows=1286502  sha=21f6ff71d6befa87
2026-05-20T03:09:07+00:00  event=ok  pair=AUDNZD  ym=202410  size=8444184  rows=1323873  sha=312ea74fb5a40c15
2026-05-20T03:09:34+00:00  event=ok  pair=AUDNZD  ym=202411  size=10758633  rows=1711141  sha=c30d63933d4313b1
2026-05-20T03:09:56+00:00  event=ok  pair=AUDNZD  ym=202412  size=8555832  rows=1350401  sha=35b8db5dbf075b8c
2026-05-20T03:10:20+00:00  event=ok  pair=AUDNZD  ym=202501  size=7832845  rows=1230595  sha=436a9773926fc2f1
2026-05-20T03:10:37+00:00  event=ok  pair=AUDNZD  ym=202502  size=6204378  rows=974401  sha=297165692ad6d2cb
2026-05-20T03:10:54+00:00  event=ok  pair=AUDNZD  ym=202503  size=6993703  rows=1104010  sha=55457a3f4647fdf3
2026-05-20T03:11:37+00:00  event=ok  pair=AUDNZD  ym=202504  size=19455189  rows=3116025  sha=61fd7fd0ea7ae6b5
2026-05-20T03:11:59+00:00  event=ok  pair=AUDNZD  ym=202505  size=8761362  rows=1372883  sha=dae63d31bda10d05
2026-05-20T03:12:26+00:00  event=ok  pair=AUDNZD  ym=202506  size=9555331  rows=1523791  sha=65de4558bf6947d2
2026-05-20T03:12:48+00:00  event=ok  pair=AUDNZD  ym=202507  size=8923840  rows=1421668  sha=293e0d57cdff2e91
2026-05-20T03:13:10+00:00  event=ok  pair=AUDNZD  ym=202508  size=6423337  rows=1006378  sha=c6b96f857ad6cb1d
2026-05-20T03:13:29+00:00  event=ok  pair=AUDNZD  ym=202509  size=6369928  rows=992654  sha=88109cd73a9e87ec
2026-05-20T03:14:00+00:00  event=ok  pair=AUDNZD  ym=202510  size=9890694  rows=1576645  sha=a956efc3e11ec0f0
2026-05-20T03:14:26+00:00  event=ok  pair=AUDNZD  ym=202511  size=8910595  rows=1414762  sha=a74256bba53420ec
2026-05-20T03:14:49+00:00  event=ok  pair=AUDNZD  ym=202512  size=8080775  rows=1278989  sha=5aa136679236788e
2026-05-20T03:15:12+00:00  event=ok  pair=AUDNZD  ym=202601  size=7829151  rows=1215546  sha=176166790fa25692
2026-05-20T03:15:38+00:00  event=ok  pair=AUDNZD  ym=202602  size=7873015  rows=1205174  sha=10831c7c0ace1c2f
2026-05-20T03:16:25+00:00  event=ok  pair=AUDNZD  ym=202603  size=16899307  rows=2778838  sha=c847f6e44db9f41d
2026-05-20T03:16:41+00:00  event=ok  pair=AUDNZD  ym=202604  size=4586908  rows=768636  sha=cc2f957a9eff47e7
2026-05-20T03:16:43+00:00  event=pair_done  pair=AUDNZD  done=784  total=5488  elapsed_s=17075  eta_s=102454
2026-05-20T03:16:50+00:00  event=ok  pair=AUDUSD  ym=201001  size=1383046  rows=344821  sha=99b8f6809d253a82
